2026-02-07T22:33:46 make: *** No rule to make target 'python3'.  Stop.
2026-02-07T22:33:58 make: *** No rule to make target 'python3-dirclean'.  Stop.
2026-02-07T22:34:16 make: Entering directory '/home/satuo/maix/duo-buildroot-sdk-v2/buildroot'
2026-02-07T22:34:16 make: *** No rule to make target 'python3'.  Stop.
2026-02-07T22:34:16 make: Leaving directory '/home/satuo/maix/duo-buildroot-sdk-v2/buildroot'
2026-02-07T22:34:43 make: Entering directory '/home/satuo/maix/duo-buildroot-sdk-v2/buildroot'
2026-02-07T22:34:43 make: *** No rule to make target 'zlib'.  Stop.
2026-02-07T22:34:43 make: Leaving directory '/home/satuo/maix/duo-buildroot-sdk-v2/buildroot'
2026-02-07T22:36:54 [7m>>> bzip2 1.0.8 Patching[27m
2026-02-07T22:36:54 
2026-02-07T22:36:54 Applying 0001-build-objects-twice.patch using patch:
2026-02-07T22:36:54 patching file Makefile-libbz2_so
2026-02-07T22:36:54 
2026-02-07T22:36:54 Applying 0002-improve-build-system.patch using patch:
2026-02-07T22:36:54 patching file Makefile
2026-02-07T22:36:54 patching file Makefile-libbz2_so
2026-02-07T22:36:54 [7m>>> bzip2 1.0.8 Configuring[27m
2026-02-07T22:36:54 mkdir -p /home/satuo/maix/duo-buildroot-sdk-v2/buildroot/output/milkv-duos-musl-riscv64-sd/per-package/bzip2/host
2026-02-07T22:36:54 rsync -a --hard-links --link-dest=/home/satuo/maix/duo-buildroot-sdk-v2/buildroot/output/milkv-duos-musl-riscv64-sd/per-package/host-skeleton/host/ /home/satuo/maix/duo-buildroot-sdk-v2/buildroot/output/milkv-duos-musl-riscv64-sd/per-package/host-skeleton/host/ /home/satuo/maix/duo-buildroot-sdk-v2/buildroot/output/milkv-duos-musl-riscv64-sd/per-package/bzip2/host
2026-02-07T22:36:54 rsync -a --hard-links --link-dest=/home/satuo/maix/duo-buildroot-sdk-v2/buildroot/output/milkv-duos-musl-riscv64-sd/per-package/skeleton/host/ /home/satuo/maix/duo-buildroot-sdk-v2/buildroot/output/milkv-duos-musl-riscv64-sd/per-package/skeleton/host/ /home/satuo/maix/duo-buildroot-sdk-v2/buildroot/output/milkv-duos-musl-riscv64-sd/per-package/bzip2/host
2026-02-07T22:36:54 rsync -a --hard-links --link-dest=/home/satuo/maix/duo-buildroot-sdk-v2/buildroot/output/milkv-duos-musl-riscv64-sd/per-package/toolchain/host/ /home/satuo/maix/duo-buildroot-sdk-v2/buildroot/output/milkv-duos-musl-riscv64-sd/per-package/toolchain/host/ /home/satuo/maix/duo-buildroot-sdk-v2/buildroot/output/milkv-duos-musl-riscv64-sd/per-package/bzip2/host
2026-02-07T22:36:54 mkdir -p /home/satuo/maix/duo-buildroot-sdk-v2/buildroot/output/milkv-duos-musl-riscv64-sd/per-package/bzip2/target
2026-02-07T22:36:54 rsync -a --hard-links --link-dest=/home/satuo/maix/duo-buildroot-sdk-v2/buildroot/output/milkv-duos-musl-riscv64-sd/per-package/host-skeleton/target/ /home/satuo/maix/duo-buildroot-sdk-v2/buildroot/output/milkv-duos-musl-riscv64-sd/per-package/host-skeleton/target/ /home/satuo/maix/duo-buildroot-sdk-v2/buildroot/output/milkv-duos-musl-riscv64-sd/per-package/bzip2/target
2026-02-07T22:36:54 rsync -a --hard-links --link-dest=/home/satuo/maix/duo-buildroot-sdk-v2/buildroot/output/milkv-duos-musl-riscv64-sd/per-package/skeleton/target/ /home/satuo/maix/duo-buildroot-sdk-v2/buildroot/output/milkv-duos-musl-riscv64-sd/per-package/skeleton/target/ /home/satuo/maix/duo-buildroot-sdk-v2/buildroot/output/milkv-duos-musl-riscv64-sd/per-package/bzip2/target
2026-02-07T22:36:54 rsync -a --hard-links --link-dest=/home/satuo/maix/duo-buildroot-sdk-v2/buildroot/output/milkv-duos-musl-riscv64-sd/per-package/toolchain/target/ /home/satuo/maix/duo-buildroot-sdk-v2/buildroot/output/milkv-duos-musl-riscv64-sd/per-package/toolchain/target/ /home/satuo/maix/duo-buildroot-sdk-v2/buildroot/output/milkv-duos-musl-riscv64-sd/per-package/bzip2/target
2026-02-07T22:36:55 [7m>>> bzip2 1.0.8 Building[27m
2026-02-07T22:36:55 GIT_DIR=. PATH="/home/satuo/maix/duo-buildroot-sdk-v2/buildroot/output/milkv-duos-musl-riscv64-sd/per-package/bzip2/host/bin:/home/satuo/maix/duo-buildroot-sdk-v2/buildroot/output/milkv-duos-musl-riscv64-sd/per-package/bzip2/host/sbin:/home/satuo/maix/duo-buildroot-sdk-v2/host-tools/gcc/riscv64-linux-musl-x86_64/bin:/home/satuo/maix/duo-buildroot-sdk-v2/host-tools/gcc/riscv64-linux-x86_64/bin:/home/satuo/maix/duo-buildroot-sdk-v2/host-tools/gcc/riscv64-elf-x86_64/bin:/home/satuo/maix/duo-buildroot-sdk-v2/host-tools/gcc/gcc-linaro-6.3.1-2017.05-x86_64_aarch64-elf/bin:/home/satuo/maix/duo-buildroot-sdk-v2/host-tools/gcc/gcc-linaro-6.3.1-2017.05-x86_64_arm-linux-gnueabihf/bin:/home/satuo/maix/duo-buildroot-sdk-v2/host-tools/gcc/gcc-linaro-7.3.1-2018.05-x86_64_aarch64-linux-gnu/bin:/home/satuo/.local/bin:/usr/local/sbin:/usr/local/bin:/usr/sbin:/usr/bin:/sbin:/bin:/usr/games:/usr/local/games:/usr/lib/wsl/lib:/snap/bin:/home/satuo/maix/duo-buildroot-sdk-v2/host-tools/gcc/arm-cvitek-linux-uclibcgnueabihf/bin" /usr/bin/make  -C /home/satuo/maix/duo-buildroot-sdk-v2/buildroot/output/milkv-duos-musl-riscv64-sd/build/bzip2-1.0.8 libbz2.a bzip2 bzip2recover GIT_DIR=. PATH="/home/satuo/maix/duo-buildroot-sdk-v2/buildroot/output/milkv-duos-musl-riscv64-sd/per-package/bzip2/host/bin:/home/satuo/maix/duo-buildroot-sdk-v2/buildroot/output/milkv-duos-musl-riscv64-sd/per-package/bzip2/host/sbin:/home/satuo/maix/duo-buildroot-sdk-v2/host-tools/gcc/riscv64-linux-musl-x86_64/bin:/home/satuo/maix/duo-buildroot-sdk-v2/host-tools/gcc/riscv64-linux-x86_64/bin:/home/satuo/maix/duo-buildroot-sdk-v2/host-tools/gcc/riscv64-elf-x86_64/bin:/home/satuo/maix/duo-buildroot-sdk-v2/host-tools/gcc/gcc-linaro-6.3.1-2017.05-x86_64_aarch64-elf/bin:/home/satuo/maix/duo-buildroot-sdk-v2/host-tools/gcc/gcc-linaro-6.3.1-2017.05-x86_64_arm-linux-gnueabihf/bin:/home/satuo/maix/duo-buildroot-sdk-v2/host-tools/gcc/gcc-linaro-7.3.1-2018.05-x86_64_aarch64-linux-gnu/bin:/home/satuo/.local/bin:/usr/local/sbin:/usr/local/bin:/usr/sbin:/usr/bin:/sbin:/bin:/usr/games:/usr/local/games:/usr/lib/wsl/lib:/snap/bin:/home/satuo/maix/duo-buildroot-sdk-v2/host-tools/gcc/arm-cvitek-linux-uclibcgnueabihf/bin" AR="/home/satuo/maix/duo-buildroot-sdk-v2/buildroot/output/milkv-duos-musl-riscv64-sd/per-package/bzip2/host/bin/riscv64-unknown-linux-musl-gcc-ar" AS="/home/satuo/maix/duo-buildroot-sdk-v2/buildroot/output/milkv-duos-musl-riscv64-sd/per-package/bzip2/host/bin/riscv64-unknown-linux-musl-as" LD="/home/satuo/maix/duo-buildroot-sdk-v2/buildroot/output/milkv-duos-musl-riscv64-sd/per-package/bzip2/host/bin/riscv64-unknown-linux-musl-ld" NM="/home/satuo/maix/duo-buildroot-sdk-v2/buildroot/output/milkv-duos-musl-riscv64-sd/per-package/bzip2/host/bin/riscv64-unknown-linux-musl-gcc-nm" CC="/home/satuo/maix/duo-buildroot-sdk-v2/buildroot/output/milkv-duos-musl-riscv64-sd/per-package/bzip2/host/bin/riscv64-unknown-linux-musl-gcc" GCC="/home/satuo/maix/duo-buildroot-sdk-v2/buildroot/output/milkv-duos-musl-riscv64-sd/per-package/bzip2/host/bin/riscv64-unknown-linux-musl-gcc" CPP="/home/satuo/maix/duo-buildroot-sdk-v2/buildroot/output/milkv-duos-musl-riscv64-sd/per-package/bzip2/host/bin/riscv64-unknown-linux-musl-cpp" CXX="/home/satuo/maix/duo-buildroot-sdk-v2/buildroot/output/milkv-duos-musl-riscv64-sd/per-package/bzip2/host/bin/riscv64-unknown-linux-musl-g++" FC="/home/satuo/maix/duo-buildroot-sdk-v2/buildroot/output/milkv-duos-musl-riscv64-sd/per-package/bzip2/host/bin/riscv64-unknown-linux-musl-gfortran" F77="/home/satuo/maix/duo-buildroot-sdk-v2/buildroot/output/milkv-duos-musl-riscv64-sd/per-package/bzip2/host/bin/riscv64-unknown-linux-musl-gfortran" RANLIB="/home/satuo/maix/duo-buildroot-sdk-v2/buildroot/output/milkv-duos-musl-riscv64-sd/per-package/bzip2/host/bin/riscv64-unknown-linux-musl-gcc-ranlib" READELF="/home/satuo/maix/duo-buildroot-sdk-v2/buildroot/output/milkv-duos-musl-riscv64-sd/per-package/bzip2/host/bin/riscv64-unknown-linux-musl-readelf" STRIP="/home/satuo/maix/duo-buildroot-sdk-v2/buildroot/output/milkv-duos-musl-riscv64-sd/per-package/bzip2/host/bin/riscv64-unknown-linux-musl-strip" OBJCOPY="/home/satuo/maix/duo-buildroot-sdk-v2/buildroot/output/milkv-duos-musl-riscv64-sd/per-package/bzip2/host/bin/riscv64-unknown-linux-musl-objcopy" OBJDUMP="/home/satuo/maix/duo-buildroot-sdk-v2/buildroot/output/milkv-duos-musl-riscv64-sd/per-package/bzip2/host/bin/riscv64-unknown-linux-musl-objdump" AR_FOR_BUILD="/usr/bin/ar" AS_FOR_BUILD="/usr/bin/as" CC_FOR_BUILD="/usr/bin/gcc" GCC_FOR_BUILD="/usr/bin/gcc" CXX_FOR_BUILD="/usr/bin/g++" LD_FOR_BUILD="/usr/bin/ld" CPPFLAGS_FOR_BUILD="-I/home/satuo/maix/duo-buildroot-sdk-v2/buildroot/output/milkv-duos-musl-riscv64-sd/per-package/bzip2/host/include" CFLAGS_FOR_BUILD="-O2 -I/home/satuo/maix/duo-buildroot-sdk-v2/buildroot/output/milkv-duos-musl-riscv64-sd/per-package/bzip2/host/include" CXXFLAGS_FOR_BUILD="-O2 -I/home/satuo/maix/duo-buildroot-sdk-v2/buildroot/output/milkv-duos-musl-riscv64-sd/per-package/bzip2/host/include" LDFLAGS_FOR_BUILD="-L/home/satuo/maix/duo-buildroot-sdk-v2/buildroot/output/milkv-duos-musl-riscv64-sd/per-package/bzip2/host/lib -Wl,-rpath,/home/satuo/maix/duo-buildroot-sdk-v2/buildroot/output/milkv-duos-musl-riscv64-sd/per-package/bzip2/host/lib" FCFLAGS_FOR_BUILD="" DEFAULT_ASSEMBLER="/home/satuo/maix/duo-buildroot-sdk-v2/buildroot/output/milkv-duos-musl-riscv64-sd/per-package/bzip2/host/bin/riscv64-unknown-linux-musl-as" DEFAULT_LINKER="/home/satuo/maix/duo-buildroot-sdk-v2/buildroot/output/milkv-duos-musl-riscv64-sd/per-package/bzip2/host/bin/riscv64-unknown-linux-musl-ld" CPPFLAGS="-D_LARGEFILE_SOURCE -D_LARGEFILE64_SOURCE -D_FILE_OFFSET_BITS=64" CFLAGS="-D_LARGEFILE_SOURCE -D_LARGEFILE64_SOURCE -D_FILE_OFFSET_BITS=64  -Os -g0 " CXXFLAGS="-D_LARGEFILE_SOURCE -D_LARGEFILE64_SOURCE -D_FILE_OFFSET_BITS=64  -Os -g0 " LDFLAGS="-march=rv64imafdcv0p7xthead -mcpu=c906fdv -mabi=lp64d -mcmodel=medany" FCFLAGS=" -Os -g0" FFLAGS=" -Os -g0" PKG_CONFIG="/home/satuo/maix/duo-buildroot-sdk-v2/buildroot/output/milkv-duos-musl-riscv64-sd/per-package/bzip2/host/bin/pkg-config" STAGING_DIR="/home/satuo/maix/duo-buildroot-sdk-v2/buildroot/output/milkv-duos-musl-riscv64-sd/per-package/bzip2/host/riscv64-buildroot-linux-musl/sysroot" INTLTOOL_PERL=/usr/bin/perl
2026-02-07T22:36:55 make[1]: Entering directory '/home/satuo/maix/duo-buildroot-sdk-v2/buildroot/output/milkv-duos-musl-riscv64-sd/build/bzip2-1.0.8'
2026-02-07T22:36:55 
2026-02-07T22:36:55 If compilation produces errors, or a large number of warnings,
2026-02-07T22:36:55 please read README.COMPILATION.PROBLEMS -- you might be able to
2026-02-07T22:36:55 adjust the flags in this Makefile to improve matters.
2026-02-07T22:36:55 
2026-02-07T22:36:55 Also in README.COMPILATION.PROBLEMS are some hints that may help
2026-02-07T22:36:55 if your build produces an executable which is unable to correctly
2026-02-07T22:36:55 handle so-called 'large files' -- files of size 2GB or more.
2026-02-07T22:36:55 
2026-02-07T22:36:55 /home/satuo/maix/duo-buildroot-sdk-v2/buildroot/output/milkv-duos-musl-riscv64-sd/per-package/bzip2/host/bin/riscv64-unknown-linux-musl-gcc -D_LARGEFILE_SOURCE -D_LARGEFILE64_SOURCE -D_FILE_OFFSET_BITS=64  -Os -g0  -Wall -c blocksort.c
2026-02-07T22:36:55 /home/satuo/maix/duo-buildroot-sdk-v2/buildroot/output/milkv-duos-musl-riscv64-sd/per-package/bzip2/host/bin/riscv64-unknown-linux-musl-gcc -D_LARGEFILE_SOURCE -D_LARGEFILE64_SOURCE -D_FILE_OFFSET_BITS=64  -Os -g0  -Wall -c huffman.c
2026-02-07T22:36:55 /home/satuo/maix/duo-buildroot-sdk-v2/buildroot/output/milkv-duos-musl-riscv64-sd/per-package/bzip2/host/bin/riscv64-unknown-linux-musl-gcc -D_LARGEFILE_SOURCE -D_LARGEFILE64_SOURCE -D_FILE_OFFSET_BITS=64  -Os -g0  -Wall -c crctable.c
2026-02-07T22:36:55 /home/satuo/maix/duo-buildroot-sdk-v2/buildroot/output/milkv-duos-musl-riscv64-sd/per-package/bzip2/host/bin/riscv64-unknown-linux-musl-gcc -D_LARGEFILE_SOURCE -D_LARGEFILE64_SOURCE -D_FILE_OFFSET_BITS=64  -Os -g0  -Wall -c randtable.c
2026-02-07T22:36:55 /home/satuo/maix/duo-buildroot-sdk-v2/buildroot/output/milkv-duos-musl-riscv64-sd/per-package/bzip2/host/bin/riscv64-unknown-linux-musl-gcc -D_LARGEFILE_SOURCE -D_LARGEFILE64_SOURCE -D_FILE_OFFSET_BITS=64  -Os -g0  -Wall -c compress.c
2026-02-07T22:36:55 /home/satuo/maix/duo-buildroot-sdk-v2/buildroot/output/milkv-duos-musl-riscv64-sd/per-package/bzip2/host/bin/riscv64-unknown-linux-musl-gcc -D_LARGEFILE_SOURCE -D_LARGEFILE64_SOURCE -D_FILE_OFFSET_BITS=64  -Os -g0  -Wall -c decompress.c
2026-02-07T22:36:56 /home/satuo/maix/duo-buildroot-sdk-v2/buildroot/output/milkv-duos-musl-riscv64-sd/per-package/bzip2/host/bin/riscv64-unknown-linux-musl-gcc -D_LARGEFILE_SOURCE -D_LARGEFILE64_SOURCE -D_FILE_OFFSET_BITS=64  -Os -g0  -Wall -c bzlib.c
2026-02-07T22:36:56 rm -f libbz2.a
2026-02-07T22:36:56 /home/satuo/maix/duo-buildroot-sdk-v2/buildroot/output/milkv-duos-musl-riscv64-sd/per-package/bzip2/host/bin/riscv64-unknown-linux-musl-gcc-ar cq libbz2.a blocksort.o huffman.o crctable.o randtable.o compress.o decompress.o bzlib.o
2026-02-07T22:36:56 /home/satuo/maix/duo-buildroot-sdk-v2/buildroot/output/milkv-duos-musl-riscv64-sd/per-package/bzip2/host/bin/riscv64-unknown-linux-musl-gcc-ranlib libbz2.a
2026-02-07T22:36:56 /home/satuo/maix/duo-buildroot-sdk-v2/buildroot/output/milkv-duos-musl-riscv64-sd/per-package/bzip2/host/bin/riscv64-unknown-linux-musl-gcc -D_LARGEFILE_SOURCE -D_LARGEFILE64_SOURCE -D_FILE_OFFSET_BITS=64  -Os -g0  -Wall -c bzip2.c
2026-02-07T22:36:56 /home/satuo/maix/duo-buildroot-sdk-v2/buildroot/output/milkv-duos-musl-riscv64-sd/per-package/bzip2/host/bin/riscv64-unknown-linux-musl-gcc -D_LARGEFILE_SOURCE -D_LARGEFILE64_SOURCE -D_FILE_OFFSET_BITS=64  -Os -g0  -Wall -march=rv64imafdcv0p7xthead -mcpu=c906fdv -mabi=lp64d -mcmodel=medany -o bzip2 bzip2.o -L. -lbz2
2026-02-07T22:36:56 /home/satuo/maix/duo-buildroot-sdk-v2/buildroot/output/milkv-duos-musl-riscv64-sd/per-package/bzip2/host/bin/riscv64-unknown-linux-musl-gcc -D_LARGEFILE_SOURCE -D_LARGEFILE64_SOURCE -D_FILE_OFFSET_BITS=64  -Os -g0  -Wall -c bzip2recover.c
2026-02-07T22:36:56 /home/satuo/maix/duo-buildroot-sdk-v2/buildroot/output/milkv-duos-musl-riscv64-sd/per-package/bzip2/host/bin/riscv64-unknown-linux-musl-gcc -D_LARGEFILE_SOURCE -D_LARGEFILE64_SOURCE -D_FILE_OFFSET_BITS=64  -Os -g0  -Wall -march=rv64imafdcv0p7xthead -mcpu=c906fdv -mabi=lp64d -mcmodel=medany -o bzip2recover bzip2recover.o
2026-02-07T22:36:56 make[1]: Leaving directory '/home/satuo/maix/duo-buildroot-sdk-v2/buildroot/output/milkv-duos-musl-riscv64-sd/build/bzip2-1.0.8'
2026-02-07T22:36:56 GIT_DIR=. PATH="/home/satuo/maix/duo-buildroot-sdk-v2/buildroot/output/milkv-duos-musl-riscv64-sd/per-package/bzip2/host/bin:/home/satuo/maix/duo-buildroot-sdk-v2/buildroot/output/milkv-duos-musl-riscv64-sd/per-package/bzip2/host/sbin:/home/satuo/maix/duo-buildroot-sdk-v2/host-tools/gcc/riscv64-linux-musl-x86_64/bin:/home/satuo/maix/duo-buildroot-sdk-v2/host-tools/gcc/riscv64-linux-x86_64/bin:/home/satuo/maix/duo-buildroot-sdk-v2/host-tools/gcc/riscv64-elf-x86_64/bin:/home/satuo/maix/duo-buildroot-sdk-v2/host-tools/gcc/gcc-linaro-6.3.1-2017.05-x86_64_aarch64-elf/bin:/home/satuo/maix/duo-buildroot-sdk-v2/host-tools/gcc/gcc-linaro-6.3.1-2017.05-x86_64_arm-linux-gnueabihf/bin:/home/satuo/maix/duo-buildroot-sdk-v2/host-tools/gcc/gcc-linaro-7.3.1-2018.05-x86_64_aarch64-linux-gnu/bin:/home/satuo/.local/bin:/usr/local/sbin:/usr/local/bin:/usr/sbin:/usr/bin:/sbin:/bin:/usr/games:/usr/local/games:/usr/lib/wsl/lib:/snap/bin:/home/satuo/maix/duo-buildroot-sdk-v2/host-tools/gcc/arm-cvitek-linux-uclibcgnueabihf/bin" /usr/bin/make  -C /home/satuo/maix/duo-buildroot-sdk-v2/buildroot/output/milkv-duos-musl-riscv64-sd/build/bzip2-1.0.8 -f Makefile-libbz2_so GIT_DIR=. PATH="/home/satuo/maix/duo-buildroot-sdk-v2/buildroot/output/milkv-duos-musl-riscv64-sd/per-package/bzip2/host/bin:/home/satuo/maix/duo-buildroot-sdk-v2/buildroot/output/milkv-duos-musl-riscv64-sd/per-package/bzip2/host/sbin:/home/satuo/maix/duo-buildroot-sdk-v2/host-tools/gcc/riscv64-linux-musl-x86_64/bin:/home/satuo/maix/duo-buildroot-sdk-v2/host-tools/gcc/riscv64-linux-x86_64/bin:/home/satuo/maix/duo-buildroot-sdk-v2/host-tools/gcc/riscv64-elf-x86_64/bin:/home/satuo/maix/duo-buildroot-sdk-v2/host-tools/gcc/gcc-linaro-6.3.1-2017.05-x86_64_aarch64-elf/bin:/home/satuo/maix/duo-buildroot-sdk-v2/host-tools/gcc/gcc-linaro-6.3.1-2017.05-x86_64_arm-linux-gnueabihf/bin:/home/satuo/maix/duo-buildroot-sdk-v2/host-tools/gcc/gcc-linaro-7.3.1-2018.05-x86_64_aarch64-linux-gnu/bin:/home/satuo/.local/bin:/usr/local/sbin:/usr/local/bin:/usr/sbin:/usr/bin:/sbin:/bin:/usr/games:/usr/local/games:/usr/lib/wsl/lib:/snap/bin:/home/satuo/maix/duo-buildroot-sdk-v2/host-tools/gcc/arm-cvitek-linux-uclibcgnueabihf/bin" AR="/home/satuo/maix/duo-buildroot-sdk-v2/buildroot/output/milkv-duos-musl-riscv64-sd/per-package/bzip2/host/bin/riscv64-unknown-linux-musl-gcc-ar" AS="/home/satuo/maix/duo-buildroot-sdk-v2/buildroot/output/milkv-duos-musl-riscv64-sd/per-package/bzip2/host/bin/riscv64-unknown-linux-musl-as" LD="/home/satuo/maix/duo-buildroot-sdk-v2/buildroot/output/milkv-duos-musl-riscv64-sd/per-package/bzip2/host/bin/riscv64-unknown-linux-musl-ld" NM="/home/satuo/maix/duo-buildroot-sdk-v2/buildroot/output/milkv-duos-musl-riscv64-sd/per-package/bzip2/host/bin/riscv64-unknown-linux-musl-gcc-nm" CC="/home/satuo/maix/duo-buildroot-sdk-v2/buildroot/output/milkv-duos-musl-riscv64-sd/per-package/bzip2/host/bin/riscv64-unknown-linux-musl-gcc" GCC="/home/satuo/maix/duo-buildroot-sdk-v2/buildroot/output/milkv-duos-musl-riscv64-sd/per-package/bzip2/host/bin/riscv64-unknown-linux-musl-gcc" CPP="/home/satuo/maix/duo-buildroot-sdk-v2/buildroot/output/milkv-duos-musl-riscv64-sd/per-package/bzip2/host/bin/riscv64-unknown-linux-musl-cpp" CXX="/home/satuo/maix/duo-buildroot-sdk-v2/buildroot/output/milkv-duos-musl-riscv64-sd/per-package/bzip2/host/bin/riscv64-unknown-linux-musl-g++" FC="/home/satuo/maix/duo-buildroot-sdk-v2/buildroot/output/milkv-duos-musl-riscv64-sd/per-package/bzip2/host/bin/riscv64-unknown-linux-musl-gfortran" F77="/home/satuo/maix/duo-buildroot-sdk-v2/buildroot/output/milkv-duos-musl-riscv64-sd/per-package/bzip2/host/bin/riscv64-unknown-linux-musl-gfortran" RANLIB="/home/satuo/maix/duo-buildroot-sdk-v2/buildroot/output/milkv-duos-musl-riscv64-sd/per-package/bzip2/host/bin/riscv64-unknown-linux-musl-gcc-ranlib" READELF="/home/satuo/maix/duo-buildroot-sdk-v2/buildroot/output/milkv-duos-musl-riscv64-sd/per-package/bzip2/host/bin/riscv64-unknown-linux-musl-readelf" STRIP="/home/satuo/maix/duo-buildroot-sdk-v2/buildroot/output/milkv-duos-musl-riscv64-sd/per-package/bzip2/host/bin/riscv64-unknown-linux-musl-strip" OBJCOPY="/home/satuo/maix/duo-buildroot-sdk-v2/buildroot/output/milkv-duos-musl-riscv64-sd/per-package/bzip2/host/bin/riscv64-unknown-linux-musl-objcopy" OBJDUMP="/home/satuo/maix/duo-buildroot-sdk-v2/buildroot/output/milkv-duos-musl-riscv64-sd/per-package/bzip2/host/bin/riscv64-unknown-linux-musl-objdump" AR_FOR_BUILD="/usr/bin/ar" AS_FOR_BUILD="/usr/bin/as" CC_FOR_BUILD="/usr/bin/gcc" GCC_FOR_BUILD="/usr/bin/gcc" CXX_FOR_BUILD="/usr/bin/g++" LD_FOR_BUILD="/usr/bin/ld" CPPFLAGS_FOR_BUILD="-I/home/satuo/maix/duo-buildroot-sdk-v2/buildroot/output/milkv-duos-musl-riscv64-sd/per-package/bzip2/host/include" CFLAGS_FOR_BUILD="-O2 -I/home/satuo/maix/duo-buildroot-sdk-v2/buildroot/output/milkv-duos-musl-riscv64-sd/per-package/bzip2/host/include" CXXFLAGS_FOR_BUILD="-O2 -I/home/satuo/maix/duo-buildroot-sdk-v2/buildroot/output/milkv-duos-musl-riscv64-sd/per-package/bzip2/host/include" LDFLAGS_FOR_BUILD="-L/home/satuo/maix/duo-buildroot-sdk-v2/buildroot/output/milkv-duos-musl-riscv64-sd/per-package/bzip2/host/lib -Wl,-rpath,/home/satuo/maix/duo-buildroot-sdk-v2/buildroot/output/milkv-duos-musl-riscv64-sd/per-package/bzip2/host/lib" FCFLAGS_FOR_BUILD="" DEFAULT_ASSEMBLER="/home/satuo/maix/duo-buildroot-sdk-v2/buildroot/output/milkv-duos-musl-riscv64-sd/per-package/bzip2/host/bin/riscv64-unknown-linux-musl-as" DEFAULT_LINKER="/home/satuo/maix/duo-buildroot-sdk-v2/buildroot/output/milkv-duos-musl-riscv64-sd/per-package/bzip2/host/bin/riscv64-unknown-linux-musl-ld" CPPFLAGS="-D_LARGEFILE_SOURCE -D_LARGEFILE64_SOURCE -D_FILE_OFFSET_BITS=64" CFLAGS="-D_LARGEFILE_SOURCE -D_LARGEFILE64_SOURCE -D_FILE_OFFSET_BITS=64  -Os -g0 " CXXFLAGS="-D_LARGEFILE_SOURCE -D_LARGEFILE64_SOURCE -D_FILE_OFFSET_BITS=64  -Os -g0 " LDFLAGS="-march=rv64imafdcv0p7xthead -mcpu=c906fdv -mabi=lp64d -mcmodel=medany" FCFLAGS=" -Os -g0" FFLAGS=" -Os -g0" PKG_CONFIG="/home/satuo/maix/duo-buildroot-sdk-v2/buildroot/output/milkv-duos-musl-riscv64-sd/per-package/bzip2/host/bin/pkg-config" STAGING_DIR="/home/satuo/maix/duo-buildroot-sdk-v2/buildroot/output/milkv-duos-musl-riscv64-sd/per-package/bzip2/host/riscv64-buildroot-linux-musl/sysroot" INTLTOOL_PERL=/usr/bin/perl
2026-02-07T22:36:56 make[1]: Entering directory '/home/satuo/maix/duo-buildroot-sdk-v2/buildroot/output/milkv-duos-musl-riscv64-sd/build/bzip2-1.0.8'
2026-02-07T22:36:56 /home/satuo/maix/duo-buildroot-sdk-v2/buildroot/output/milkv-duos-musl-riscv64-sd/per-package/bzip2/host/bin/riscv64-unknown-linux-musl-gcc -D_LARGEFILE_SOURCE -D_LARGEFILE64_SOURCE -D_FILE_OFFSET_BITS=64  -Os -g0  -fpic -fPIC -Wall -o blocksort.sho -c blocksort.c
2026-02-07T22:36:56 /home/satuo/maix/duo-buildroot-sdk-v2/buildroot/output/milkv-duos-musl-riscv64-sd/per-package/bzip2/host/bin/riscv64-unknown-linux-musl-gcc -D_LARGEFILE_SOURCE -D_LARGEFILE64_SOURCE -D_FILE_OFFSET_BITS=64  -Os -g0  -fpic -fPIC -Wall -o huffman.sho -c huffman.c
2026-02-07T22:36:56 /home/satuo/maix/duo-buildroot-sdk-v2/buildroot/output/milkv-duos-musl-riscv64-sd/per-package/bzip2/host/bin/riscv64-unknown-linux-musl-gcc -D_LARGEFILE_SOURCE -D_LARGEFILE64_SOURCE -D_FILE_OFFSET_BITS=64  -Os -g0  -fpic -fPIC -Wall -o crctable.sho -c crctable.c
2026-02-07T22:36:56 /home/satuo/maix/duo-buildroot-sdk-v2/buildroot/output/milkv-duos-musl-riscv64-sd/per-package/bzip2/host/bin/riscv64-unknown-linux-musl-gcc -D_LARGEFILE_SOURCE -D_LARGEFILE64_SOURCE -D_FILE_OFFSET_BITS=64  -Os -g0  -fpic -fPIC -Wall -o randtable.sho -c randtable.c
2026-02-07T22:36:57 /home/satuo/maix/duo-buildroot-sdk-v2/buildroot/output/milkv-duos-musl-riscv64-sd/per-package/bzip2/host/bin/riscv64-unknown-linux-musl-gcc -D_LARGEFILE_SOURCE -D_LARGEFILE64_SOURCE -D_FILE_OFFSET_BITS=64  -Os -g0  -fpic -fPIC -Wall -o compress.sho -c compress.c
2026-02-07T22:36:57 /home/satuo/maix/duo-buildroot-sdk-v2/buildroot/output/milkv-duos-musl-riscv64-sd/per-package/bzip2/host/bin/riscv64-unknown-linux-musl-gcc -D_LARGEFILE_SOURCE -D_LARGEFILE64_SOURCE -D_FILE_OFFSET_BITS=64  -Os -g0  -fpic -fPIC -Wall -o decompress.sho -c decompress.c
2026-02-07T22:36:57 /home/satuo/maix/duo-buildroot-sdk-v2/buildroot/output/milkv-duos-musl-riscv64-sd/per-package/bzip2/host/bin/riscv64-unknown-linux-musl-gcc -D_LARGEFILE_SOURCE -D_LARGEFILE64_SOURCE -D_FILE_OFFSET_BITS=64  -Os -g0  -fpic -fPIC -Wall -o bzlib.sho -c bzlib.c
2026-02-07T22:36:57 /home/satuo/maix/duo-buildroot-sdk-v2/buildroot/output/milkv-duos-musl-riscv64-sd/per-package/bzip2/host/bin/riscv64-unknown-linux-musl-gcc -shared -Wl,-soname -Wl,libbz2.so.1.0 -o libbz2.so.1.0.8 blocksort.sho huffman.sho crctable.sho randtable.sho compress.sho decompress.sho bzlib.sho
2026-02-07T22:36:57 /home/satuo/maix/duo-buildroot-sdk-v2/buildroot/output/milkv-duos-musl-riscv64-sd/per-package/bzip2/host/bin/riscv64-unknown-linux-musl-gcc -D_LARGEFILE_SOURCE -D_LARGEFILE64_SOURCE -D_FILE_OFFSET_BITS=64  -Os -g0  -fpic -fPIC -Wall -o bzip2-shared bzip2.c libbz2.so.1.0.8
2026-02-07T22:36:58 make[1]: Leaving directory '/home/satuo/maix/duo-buildroot-sdk-v2/buildroot/output/milkv-duos-musl-riscv64-sd/build/bzip2-1.0.8'
2026-02-07T22:36:58 [7m>>> bzip2 1.0.8 Installing to staging directory[27m
2026-02-07T22:36:58 GIT_DIR=. PATH="/home/satuo/maix/duo-buildroot-sdk-v2/buildroot/output/milkv-duos-musl-riscv64-sd/per-package/bzip2/host/bin:/home/satuo/maix/duo-buildroot-sdk-v2/buildroot/output/milkv-duos-musl-riscv64-sd/per-package/bzip2/host/sbin:/home/satuo/maix/duo-buildroot-sdk-v2/host-tools/gcc/riscv64-linux-musl-x86_64/bin:/home/satuo/maix/duo-buildroot-sdk-v2/host-tools/gcc/riscv64-linux-x86_64/bin:/home/satuo/maix/duo-buildroot-sdk-v2/host-tools/gcc/riscv64-elf-x86_64/bin:/home/satuo/maix/duo-buildroot-sdk-v2/host-tools/gcc/gcc-linaro-6.3.1-2017.05-x86_64_aarch64-elf/bin:/home/satuo/maix/duo-buildroot-sdk-v2/host-tools/gcc/gcc-linaro-6.3.1-2017.05-x86_64_arm-linux-gnueabihf/bin:/home/satuo/maix/duo-buildroot-sdk-v2/host-tools/gcc/gcc-linaro-7.3.1-2018.05-x86_64_aarch64-linux-gnu/bin:/home/satuo/.local/bin:/usr/local/sbin:/usr/local/bin:/usr/sbin:/usr/bin:/sbin:/bin:/usr/games:/usr/local/games:/usr/lib/wsl/lib:/snap/bin:/home/satuo/maix/duo-buildroot-sdk-v2/host-tools/gcc/arm-cvitek-linux-uclibcgnueabihf/bin" /usr/bin/make  PREFIX=/home/satuo/maix/duo-buildroot-sdk-v2/buildroot/output/milkv-duos-musl-riscv64-sd/per-package/bzip2/host/riscv64-buildroot-linux-musl/sysroot/usr -C /home/satuo/maix/duo-buildroot-sdk-v2/buildroot/output/milkv-duos-musl-riscv64-sd/build/bzip2-1.0.8 install
2026-02-07T22:36:58 make[1]: Entering directory '/home/satuo/maix/duo-buildroot-sdk-v2/buildroot/output/milkv-duos-musl-riscv64-sd/build/bzip2-1.0.8'
2026-02-07T22:36:58 if ( test ! -d /home/satuo/maix/duo-buildroot-sdk-v2/buildroot/output/milkv-duos-musl-riscv64-sd/per-package/bzip2/host/riscv64-buildroot-linux-musl/sysroot/usr/bin ) ; then mkdir -p /home/satuo/maix/duo-buildroot-sdk-v2/buildroot/output/milkv-duos-musl-riscv64-sd/per-package/bzip2/host/riscv64-buildroot-linux-musl/sysroot/usr/bin ; fi
2026-02-07T22:36:58 if ( test ! -d /home/satuo/maix/duo-buildroot-sdk-v2/buildroot/output/milkv-duos-musl-riscv64-sd/per-package/bzip2/host/riscv64-buildroot-linux-musl/sysroot/usr/lib ) ; then mkdir -p /home/satuo/maix/duo-buildroot-sdk-v2/buildroot/output/milkv-duos-musl-riscv64-sd/per-package/bzip2/host/riscv64-buildroot-linux-musl/sysroot/usr/lib ; fi
2026-02-07T22:36:58 if ( test ! -d /home/satuo/maix/duo-buildroot-sdk-v2/buildroot/output/milkv-duos-musl-riscv64-sd/per-package/bzip2/host/riscv64-buildroot-linux-musl/sysroot/usr/man ) ; then mkdir -p /home/satuo/maix/duo-buildroot-sdk-v2/buildroot/output/milkv-duos-musl-riscv64-sd/per-package/bzip2/host/riscv64-buildroot-linux-musl/sysroot/usr/man ; fi
2026-02-07T22:36:58 if ( test ! -d /home/satuo/maix/duo-buildroot-sdk-v2/buildroot/output/milkv-duos-musl-riscv64-sd/per-package/bzip2/host/riscv64-buildroot-linux-musl/sysroot/usr/man/man1 ) ; then mkdir -p /home/satuo/maix/duo-buildroot-sdk-v2/buildroot/output/milkv-duos-musl-riscv64-sd/per-package/bzip2/host/riscv64-buildroot-linux-musl/sysroot/usr/man/man1 ; fi
2026-02-07T22:36:58 if ( test ! -d /home/satuo/maix/duo-buildroot-sdk-v2/buildroot/output/milkv-duos-musl-riscv64-sd/per-package/bzip2/host/riscv64-buildroot-linux-musl/sysroot/usr/include ) ; then mkdir -p /home/satuo/maix/duo-buildroot-sdk-v2/buildroot/output/milkv-duos-musl-riscv64-sd/per-package/bzip2/host/riscv64-buildroot-linux-musl/sysroot/usr/include ; fi
2026-02-07T22:36:58 cp -f bzip2 /home/satuo/maix/duo-buildroot-sdk-v2/buildroot/output/milkv-duos-musl-riscv64-sd/per-package/bzip2/host/riscv64-buildroot-linux-musl/sysroot/usr/bin/bzip2
2026-02-07T22:36:58 cp -f bzip2 /home/satuo/maix/duo-buildroot-sdk-v2/buildroot/output/milkv-duos-musl-riscv64-sd/per-package/bzip2/host/riscv64-buildroot-linux-musl/sysroot/usr/bin/bunzip2
2026-02-07T22:36:58 cp -f bzip2 /home/satuo/maix/duo-buildroot-sdk-v2/buildroot/output/milkv-duos-musl-riscv64-sd/per-package/bzip2/host/riscv64-buildroot-linux-musl/sysroot/usr/bin/bzcat
2026-02-07T22:36:58 cp -f bzip2recover /home/satuo/maix/duo-buildroot-sdk-v2/buildroot/output/milkv-duos-musl-riscv64-sd/per-package/bzip2/host/riscv64-buildroot-linux-musl/sysroot/usr/bin/bzip2recover
2026-02-07T22:36:58 chmod a+x /home/satuo/maix/duo-buildroot-sdk-v2/buildroot/output/milkv-duos-musl-riscv64-sd/per-package/bzip2/host/riscv64-buildroot-linux-musl/sysroot/usr/bin/bzip2
2026-02-07T22:36:58 chmod a+x /home/satuo/maix/duo-buildroot-sdk-v2/buildroot/output/milkv-duos-musl-riscv64-sd/per-package/bzip2/host/riscv64-buildroot-linux-musl/sysroot/usr/bin/bunzip2
2026-02-07T22:36:58 chmod a+x /home/satuo/maix/duo-buildroot-sdk-v2/buildroot/output/milkv-duos-musl-riscv64-sd/per-package/bzip2/host/riscv64-buildroot-linux-musl/sysroot/usr/bin/bzcat
2026-02-07T22:36:58 chmod a+x /home/satuo/maix/duo-buildroot-sdk-v2/buildroot/output/milkv-duos-musl-riscv64-sd/per-package/bzip2/host/riscv64-buildroot-linux-musl/sysroot/usr/bin/bzip2recover
2026-02-07T22:36:58 cp -f bzip2.1 /home/satuo/maix/duo-buildroot-sdk-v2/buildroot/output/milkv-duos-musl-riscv64-sd/per-package/bzip2/host/riscv64-buildroot-linux-musl/sysroot/usr/man/man1
2026-02-07T22:36:58 chmod a+r /home/satuo/maix/duo-buildroot-sdk-v2/buildroot/output/milkv-duos-musl-riscv64-sd/per-package/bzip2/host/riscv64-buildroot-linux-musl/sysroot/usr/man/man1/bzip2.1
2026-02-07T22:36:58 cp -f bzlib.h /home/satuo/maix/duo-buildroot-sdk-v2/buildroot/output/milkv-duos-musl-riscv64-sd/per-package/bzip2/host/riscv64-buildroot-linux-musl/sysroot/usr/include
2026-02-07T22:36:58 chmod a+r /home/satuo/maix/duo-buildroot-sdk-v2/buildroot/output/milkv-duos-musl-riscv64-sd/per-package/bzip2/host/riscv64-buildroot-linux-musl/sysroot/usr/include/bzlib.h
2026-02-07T22:36:58 cp -f libbz2.a /home/satuo/maix/duo-buildroot-sdk-v2/buildroot/output/milkv-duos-musl-riscv64-sd/per-package/bzip2/host/riscv64-buildroot-linux-musl/sysroot/usr/lib
2026-02-07T22:36:58 chmod a+r /home/satuo/maix/duo-buildroot-sdk-v2/buildroot/output/milkv-duos-musl-riscv64-sd/per-package/bzip2/host/riscv64-buildroot-linux-musl/sysroot/usr/lib/libbz2.a
2026-02-07T22:36:58 cp -f bzgrep /home/satuo/maix/duo-buildroot-sdk-v2/buildroot/output/milkv-duos-musl-riscv64-sd/per-package/bzip2/host/riscv64-buildroot-linux-musl/sysroot/usr/bin/bzgrep
2026-02-07T22:36:58 ln -s -f bzgrep /home/satuo/maix/duo-buildroot-sdk-v2/buildroot/output/milkv-duos-musl-riscv64-sd/per-package/bzip2/host/riscv64-buildroot-linux-musl/sysroot/usr/bin/bzegrep
2026-02-07T22:36:58 ln -s -f bzgrep /home/satuo/maix/duo-buildroot-sdk-v2/buildroot/output/milkv-duos-musl-riscv64-sd/per-package/bzip2/host/riscv64-buildroot-linux-musl/sysroot/usr/bin/bzfgrep
2026-02-07T22:36:58 chmod a+x /home/satuo/maix/duo-buildroot-sdk-v2/buildroot/output/milkv-duos-musl-riscv64-sd/per-package/bzip2/host/riscv64-buildroot-linux-musl/sysroot/usr/bin/bzgrep
2026-02-07T22:36:58 cp -f bzmore /home/satuo/maix/duo-buildroot-sdk-v2/buildroot/output/milkv-duos-musl-riscv64-sd/per-package/bzip2/host/riscv64-buildroot-linux-musl/sysroot/usr/bin/bzmore
2026-02-07T22:36:58 ln -s -f bzmore /home/satuo/maix/duo-buildroot-sdk-v2/buildroot/output/milkv-duos-musl-riscv64-sd/per-package/bzip2/host/riscv64-buildroot-linux-musl/sysroot/usr/bin/bzless
2026-02-07T22:36:58 chmod a+x /home/satuo/maix/duo-buildroot-sdk-v2/buildroot/output/milkv-duos-musl-riscv64-sd/per-package/bzip2/host/riscv64-buildroot-linux-musl/sysroot/usr/bin/bzmore
2026-02-07T22:36:58 cp -f bzdiff /home/satuo/maix/duo-buildroot-sdk-v2/buildroot/output/milkv-duos-musl-riscv64-sd/per-package/bzip2/host/riscv64-buildroot-linux-musl/sysroot/usr/bin/bzdiff
2026-02-07T22:36:58 ln -s -f bzdiff /home/satuo/maix/duo-buildroot-sdk-v2/buildroot/output/milkv-duos-musl-riscv64-sd/per-package/bzip2/host/riscv64-buildroot-linux-musl/sysroot/usr/bin/bzcmp
2026-02-07T22:36:58 chmod a+x /home/satuo/maix/duo-buildroot-sdk-v2/buildroot/output/milkv-duos-musl-riscv64-sd/per-package/bzip2/host/riscv64-buildroot-linux-musl/sysroot/usr/bin/bzdiff
2026-02-07T22:36:58 cp -f bzgrep.1 bzmore.1 bzdiff.1 /home/satuo/maix/duo-buildroot-sdk-v2/buildroot/output/milkv-duos-musl-riscv64-sd/per-package/bzip2/host/riscv64-buildroot-linux-musl/sysroot/usr/man/man1
2026-02-07T22:36:58 chmod a+r /home/satuo/maix/duo-buildroot-sdk-v2/buildroot/output/milkv-duos-musl-riscv64-sd/per-package/bzip2/host/riscv64-buildroot-linux-musl/sysroot/usr/man/man1/bzgrep.1
2026-02-07T22:36:58 chmod a+r /home/satuo/maix/duo-buildroot-sdk-v2/buildroot/output/milkv-duos-musl-riscv64-sd/per-package/bzip2/host/riscv64-buildroot-linux-musl/sysroot/usr/man/man1/bzmore.1
2026-02-07T22:36:58 chmod a+r /home/satuo/maix/duo-buildroot-sdk-v2/buildroot/output/milkv-duos-musl-riscv64-sd/per-package/bzip2/host/riscv64-buildroot-linux-musl/sysroot/usr/man/man1/bzdiff.1
2026-02-07T22:36:58 echo ".so man1/bzgrep.1" > /home/satuo/maix/duo-buildroot-sdk-v2/buildroot/output/milkv-duos-musl-riscv64-sd/per-package/bzip2/host/riscv64-buildroot-linux-musl/sysroot/usr/man/man1/bzegrep.1
2026-02-07T22:36:58 echo ".so man1/bzgrep.1" > /home/satuo/maix/duo-buildroot-sdk-v2/buildroot/output/milkv-duos-musl-riscv64-sd/per-package/bzip2/host/riscv64-buildroot-linux-musl/sysroot/usr/man/man1/bzfgrep.1
2026-02-07T22:36:58 echo ".so man1/bzmore.1" > /home/satuo/maix/duo-buildroot-sdk-v2/buildroot/output/milkv-duos-musl-riscv64-sd/per-package/bzip2/host/riscv64-buildroot-linux-musl/sysroot/usr/man/man1/bzless.1
2026-02-07T22:36:58 echo ".so man1/bzdiff.1" > /home/satuo/maix/duo-buildroot-sdk-v2/buildroot/output/milkv-duos-musl-riscv64-sd/per-package/bzip2/host/riscv64-buildroot-linux-musl/sysroot/usr/man/man1/bzcmp.1
2026-02-07T22:36:58 make[1]: Leaving directory '/home/satuo/maix/duo-buildroot-sdk-v2/buildroot/output/milkv-duos-musl-riscv64-sd/build/bzip2-1.0.8'
2026-02-07T22:36:58 GIT_DIR=. PATH="/home/satuo/maix/duo-buildroot-sdk-v2/buildroot/output/milkv-duos-musl-riscv64-sd/per-package/bzip2/host/bin:/home/satuo/maix/duo-buildroot-sdk-v2/buildroot/output/milkv-duos-musl-riscv64-sd/per-package/bzip2/host/sbin:/home/satuo/maix/duo-buildroot-sdk-v2/host-tools/gcc/riscv64-linux-musl-x86_64/bin:/home/satuo/maix/duo-buildroot-sdk-v2/host-tools/gcc/riscv64-linux-x86_64/bin:/home/satuo/maix/duo-buildroot-sdk-v2/host-tools/gcc/riscv64-elf-x86_64/bin:/home/satuo/maix/duo-buildroot-sdk-v2/host-tools/gcc/gcc-linaro-6.3.1-2017.05-x86_64_aarch64-elf/bin:/home/satuo/maix/duo-buildroot-sdk-v2/host-tools/gcc/gcc-linaro-6.3.1-2017.05-x86_64_arm-linux-gnueabihf/bin:/home/satuo/maix/duo-buildroot-sdk-v2/host-tools/gcc/gcc-linaro-7.3.1-2018.05-x86_64_aarch64-linux-gnu/bin:/home/satuo/.local/bin:/usr/local/sbin:/usr/local/bin:/usr/sbin:/usr/bin:/sbin:/bin:/usr/games:/usr/local/games:/usr/lib/wsl/lib:/snap/bin:/home/satuo/maix/duo-buildroot-sdk-v2/host-tools/gcc/arm-cvitek-linux-uclibcgnueabihf/bin" /usr/bin/make  -f Makefile-libbz2_so PREFIX=/home/satuo/maix/duo-buildroot-sdk-v2/buildroot/output/milkv-duos-musl-riscv64-sd/per-package/bzip2/host/riscv64-buildroot-linux-musl/sysroot/usr -C /home/satuo/maix/duo-buildroot-sdk-v2/buildroot/output/milkv-duos-musl-riscv64-sd/build/bzip2-1.0.8 install
2026-02-07T22:36:58 make[1]: Entering directory '/home/satuo/maix/duo-buildroot-sdk-v2/buildroot/output/milkv-duos-musl-riscv64-sd/build/bzip2-1.0.8'
2026-02-07T22:36:58 install -m 0755 -D libbz2.so.1.0.8 /home/satuo/maix/duo-buildroot-sdk-v2/buildroot/output/milkv-duos-musl-riscv64-sd/per-package/bzip2/host/riscv64-buildroot-linux-musl/sysroot/usr/lib/libbz2.so.1.0.8
2026-02-07T22:36:58 ln -sf libbz2.so.1.0.8 /home/satuo/maix/duo-buildroot-sdk-v2/buildroot/output/milkv-duos-musl-riscv64-sd/per-package/bzip2/host/riscv64-buildroot-linux-musl/sysroot/usr/lib/libbz2.so
2026-02-07T22:36:58 ln -sf libbz2.so.1.0.8 /home/satuo/maix/duo-buildroot-sdk-v2/buildroot/output/milkv-duos-musl-riscv64-sd/per-package/bzip2/host/riscv64-buildroot-linux-musl/sysroot/usr/lib/libbz2.so.1.0
2026-02-07T22:36:58 make[1]: Leaving directory '/home/satuo/maix/duo-buildroot-sdk-v2/buildroot/output/milkv-duos-musl-riscv64-sd/build/bzip2-1.0.8'
2026-02-07T22:36:58 [7m>>> bzip2 1.0.8 Fixing libtool files[27m
2026-02-07T22:36:58 for la in $(find /home/satuo/maix/duo-buildroot-sdk-v2/buildroot/output/milkv-duos-musl-riscv64-sd/per-package/bzip2/host/riscv64-buildroot-linux-musl/sysroot/usr/lib* -name "*.la"); do \
2026-02-07T22:36:58 cp -a "${la}" "${la}.fixed" && \
2026-02-07T22:36:58 /usr/bin/sed -i -e "s:/home/satuo/maix/duo-buildroot-sdk-v2/buildroot/output/milkv-duos-musl-riscv64-sd:@BASE_DIR@:g" \
2026-02-07T22:36:58 -e "s:/home/satuo/maix/duo-buildroot-sdk-v2/buildroot/output/milkv-duos-musl-riscv64-sd/per-package/bzip2/host/riscv64-buildroot-linux-musl/sysroot:@STAGING_DIR@:g" \
2026-02-07T22:36:58 -e "s:/home/satuo/maix/duo-buildroot-sdk-v2/host-tools/gcc/riscv64-linux-musl-x86_64:@TOOLCHAIN_EXTERNAL_INSTALL_DIR@:g" \
2026-02-07T22:36:58 -e "s:\(['= ]\)/usr:\\1@STAGING_DIR@/usr:g" \
2026-02-07T22:36:58 -e "s:\(['= ]\)/lib:\\1@STAGING_DIR@/lib:g" \
2026-02-07T22:36:58 -e "s:@TOOLCHAIN_EXTERNAL_INSTALL_DIR@:/home/satuo/maix/duo-buildroot-sdk-v2/host-tools/gcc/riscv64-linux-musl-x86_64:g" \
2026-02-07T22:36:58 -e "s:@STAGING_DIR@:/home/satuo/maix/duo-buildroot-sdk-v2/buildroot/output/milkv-duos-musl-riscv64-sd/per-package/bzip2/host/riscv64-buildroot-linux-musl/sysroot:g" \
2026-02-07T22:36:58 -e "s:@BASE_DIR@:/home/satuo/maix/duo-buildroot-sdk-v2/buildroot/output/milkv-duos-musl-riscv64-sd:g" \
2026-02-07T22:36:58 "${la}.fixed" && \
2026-02-07T22:36:58 if cmp -s "${la}" "${la}.fixed"; then \
2026-02-07T22:36:58 rm -f "${la}.fixed"; \
2026-02-07T22:36:58 else \
2026-02-07T22:36:58 mv "${la}.fixed" "${la}"; \
2026-02-07T22:36:58 fi || exit 1; \
2026-02-07T22:36:58 done
2026-02-07T22:36:58 [7m>>> bzip2 1.0.8 Installing to target[27m
2026-02-07T22:36:58 rm -f /home/satuo/maix/duo-buildroot-sdk-v2/buildroot/output/milkv-duos-musl-riscv64-sd/per-package/bzip2/target/usr/bin/bzip2 /home/satuo/maix/duo-buildroot-sdk-v2/buildroot/output/milkv-duos-musl-riscv64-sd/per-package/bzip2/target/usr/bin/bunzip2 /home/satuo/maix/duo-buildroot-sdk-v2/buildroot/output/milkv-duos-musl-riscv64-sd/per-package/bzip2/target/usr/bin/bzcat
2026-02-07T22:36:58 GIT_DIR=. PATH="/home/satuo/maix/duo-buildroot-sdk-v2/buildroot/output/milkv-duos-musl-riscv64-sd/per-package/bzip2/host/bin:/home/satuo/maix/duo-buildroot-sdk-v2/buildroot/output/milkv-duos-musl-riscv64-sd/per-package/bzip2/host/sbin:/home/satuo/maix/duo-buildroot-sdk-v2/host-tools/gcc/riscv64-linux-musl-x86_64/bin:/home/satuo/maix/duo-buildroot-sdk-v2/host-tools/gcc/riscv64-linux-x86_64/bin:/home/satuo/maix/duo-buildroot-sdk-v2/host-tools/gcc/riscv64-elf-x86_64/bin:/home/satuo/maix/duo-buildroot-sdk-v2/host-tools/gcc/gcc-linaro-6.3.1-2017.05-x86_64_aarch64-elf/bin:/home/satuo/maix/duo-buildroot-sdk-v2/host-tools/gcc/gcc-linaro-6.3.1-2017.05-x86_64_arm-linux-gnueabihf/bin:/home/satuo/maix/duo-buildroot-sdk-v2/host-tools/gcc/gcc-linaro-7.3.1-2018.05-x86_64_aarch64-linux-gnu/bin:/home/satuo/.local/bin:/usr/local/sbin:/usr/local/bin:/usr/sbin:/usr/bin:/sbin:/bin:/usr/games:/usr/local/games:/usr/lib/wsl/lib:/snap/bin:/home/satuo/maix/duo-buildroot-sdk-v2/host-tools/gcc/arm-cvitek-linux-uclibcgnueabihf/bin" /usr/bin/make  PREFIX=/home/satuo/maix/duo-buildroot-sdk-v2/buildroot/output/milkv-duos-musl-riscv64-sd/per-package/bzip2/target/usr -C /home/satuo/maix/duo-buildroot-sdk-v2/buildroot/output/milkv-duos-musl-riscv64-sd/build/bzip2-1.0.8 install
2026-02-07T22:36:58 make[1]: Entering directory '/home/satuo/maix/duo-buildroot-sdk-v2/buildroot/output/milkv-duos-musl-riscv64-sd/build/bzip2-1.0.8'
2026-02-07T22:36:58 if ( test ! -d /home/satuo/maix/duo-buildroot-sdk-v2/buildroot/output/milkv-duos-musl-riscv64-sd/per-package/bzip2/target/usr/bin ) ; then mkdir -p /home/satuo/maix/duo-buildroot-sdk-v2/buildroot/output/milkv-duos-musl-riscv64-sd/per-package/bzip2/target/usr/bin ; fi
2026-02-07T22:36:58 if ( test ! -d /home/satuo/maix/duo-buildroot-sdk-v2/buildroot/output/milkv-duos-musl-riscv64-sd/per-package/bzip2/target/usr/lib ) ; then mkdir -p /home/satuo/maix/duo-buildroot-sdk-v2/buildroot/output/milkv-duos-musl-riscv64-sd/per-package/bzip2/target/usr/lib ; fi
2026-02-07T22:36:58 if ( test ! -d /home/satuo/maix/duo-buildroot-sdk-v2/buildroot/output/milkv-duos-musl-riscv64-sd/per-package/bzip2/target/usr/man ) ; then mkdir -p /home/satuo/maix/duo-buildroot-sdk-v2/buildroot/output/milkv-duos-musl-riscv64-sd/per-package/bzip2/target/usr/man ; fi
2026-02-07T22:36:58 if ( test ! -d /home/satuo/maix/duo-buildroot-sdk-v2/buildroot/output/milkv-duos-musl-riscv64-sd/per-package/bzip2/target/usr/man/man1 ) ; then mkdir -p /home/satuo/maix/duo-buildroot-sdk-v2/buildroot/output/milkv-duos-musl-riscv64-sd/per-package/bzip2/target/usr/man/man1 ; fi
2026-02-07T22:36:58 if ( test ! -d /home/satuo/maix/duo-buildroot-sdk-v2/buildroot/output/milkv-duos-musl-riscv64-sd/per-package/bzip2/target/usr/include ) ; then mkdir -p /home/satuo/maix/duo-buildroot-sdk-v2/buildroot/output/milkv-duos-musl-riscv64-sd/per-package/bzip2/target/usr/include ; fi
2026-02-07T22:36:58 cp -f bzip2 /home/satuo/maix/duo-buildroot-sdk-v2/buildroot/output/milkv-duos-musl-riscv64-sd/per-package/bzip2/target/usr/bin/bzip2
2026-02-07T22:36:58 cp -f bzip2 /home/satuo/maix/duo-buildroot-sdk-v2/buildroot/output/milkv-duos-musl-riscv64-sd/per-package/bzip2/target/usr/bin/bunzip2
2026-02-07T22:36:58 cp -f bzip2 /home/satuo/maix/duo-buildroot-sdk-v2/buildroot/output/milkv-duos-musl-riscv64-sd/per-package/bzip2/target/usr/bin/bzcat
2026-02-07T22:36:58 cp -f bzip2recover /home/satuo/maix/duo-buildroot-sdk-v2/buildroot/output/milkv-duos-musl-riscv64-sd/per-package/bzip2/target/usr/bin/bzip2recover
2026-02-07T22:36:58 chmod a+x /home/satuo/maix/duo-buildroot-sdk-v2/buildroot/output/milkv-duos-musl-riscv64-sd/per-package/bzip2/target/usr/bin/bzip2
2026-02-07T22:36:58 chmod a+x /home/satuo/maix/duo-buildroot-sdk-v2/buildroot/output/milkv-duos-musl-riscv64-sd/per-package/bzip2/target/usr/bin/bunzip2
2026-02-07T22:36:58 chmod a+x /home/satuo/maix/duo-buildroot-sdk-v2/buildroot/output/milkv-duos-musl-riscv64-sd/per-package/bzip2/target/usr/bin/bzcat
2026-02-07T22:36:58 chmod a+x /home/satuo/maix/duo-buildroot-sdk-v2/buildroot/output/milkv-duos-musl-riscv64-sd/per-package/bzip2/target/usr/bin/bzip2recover
2026-02-07T22:36:58 cp -f bzip2.1 /home/satuo/maix/duo-buildroot-sdk-v2/buildroot/output/milkv-duos-musl-riscv64-sd/per-package/bzip2/target/usr/man/man1
2026-02-07T22:36:58 chmod a+r /home/satuo/maix/duo-buildroot-sdk-v2/buildroot/output/milkv-duos-musl-riscv64-sd/per-package/bzip2/target/usr/man/man1/bzip2.1
2026-02-07T22:36:58 cp -f bzlib.h /home/satuo/maix/duo-buildroot-sdk-v2/buildroot/output/milkv-duos-musl-riscv64-sd/per-package/bzip2/target/usr/include
2026-02-07T22:36:58 chmod a+r /home/satuo/maix/duo-buildroot-sdk-v2/buildroot/output/milkv-duos-musl-riscv64-sd/per-package/bzip2/target/usr/include/bzlib.h
2026-02-07T22:36:58 cp -f libbz2.a /home/satuo/maix/duo-buildroot-sdk-v2/buildroot/output/milkv-duos-musl-riscv64-sd/per-package/bzip2/target/usr/lib
2026-02-07T22:36:58 chmod a+r /home/satuo/maix/duo-buildroot-sdk-v2/buildroot/output/milkv-duos-musl-riscv64-sd/per-package/bzip2/target/usr/lib/libbz2.a
2026-02-07T22:36:58 cp -f bzgrep /home/satuo/maix/duo-buildroot-sdk-v2/buildroot/output/milkv-duos-musl-riscv64-sd/per-package/bzip2/target/usr/bin/bzgrep
2026-02-07T22:36:58 ln -s -f bzgrep /home/satuo/maix/duo-buildroot-sdk-v2/buildroot/output/milkv-duos-musl-riscv64-sd/per-package/bzip2/target/usr/bin/bzegrep
2026-02-07T22:36:58 ln -s -f bzgrep /home/satuo/maix/duo-buildroot-sdk-v2/buildroot/output/milkv-duos-musl-riscv64-sd/per-package/bzip2/target/usr/bin/bzfgrep
2026-02-07T22:36:58 chmod a+x /home/satuo/maix/duo-buildroot-sdk-v2/buildroot/output/milkv-duos-musl-riscv64-sd/per-package/bzip2/target/usr/bin/bzgrep
2026-02-07T22:36:58 cp -f bzmore /home/satuo/maix/duo-buildroot-sdk-v2/buildroot/output/milkv-duos-musl-riscv64-sd/per-package/bzip2/target/usr/bin/bzmore
2026-02-07T22:36:58 ln -s -f bzmore /home/satuo/maix/duo-buildroot-sdk-v2/buildroot/output/milkv-duos-musl-riscv64-sd/per-package/bzip2/target/usr/bin/bzless
2026-02-07T22:36:58 chmod a+x /home/satuo/maix/duo-buildroot-sdk-v2/buildroot/output/milkv-duos-musl-riscv64-sd/per-package/bzip2/target/usr/bin/bzmore
2026-02-07T22:36:58 cp -f bzdiff /home/satuo/maix/duo-buildroot-sdk-v2/buildroot/output/milkv-duos-musl-riscv64-sd/per-package/bzip2/target/usr/bin/bzdiff
2026-02-07T22:36:58 ln -s -f bzdiff /home/satuo/maix/duo-buildroot-sdk-v2/buildroot/output/milkv-duos-musl-riscv64-sd/per-package/bzip2/target/usr/bin/bzcmp
2026-02-07T22:36:58 chmod a+x /home/satuo/maix/duo-buildroot-sdk-v2/buildroot/output/milkv-duos-musl-riscv64-sd/per-package/bzip2/target/usr/bin/bzdiff
2026-02-07T22:36:58 cp -f bzgrep.1 bzmore.1 bzdiff.1 /home/satuo/maix/duo-buildroot-sdk-v2/buildroot/output/milkv-duos-musl-riscv64-sd/per-package/bzip2/target/usr/man/man1
2026-02-07T22:36:58 chmod a+r /home/satuo/maix/duo-buildroot-sdk-v2/buildroot/output/milkv-duos-musl-riscv64-sd/per-package/bzip2/target/usr/man/man1/bzgrep.1
2026-02-07T22:36:58 chmod a+r /home/satuo/maix/duo-buildroot-sdk-v2/buildroot/output/milkv-duos-musl-riscv64-sd/per-package/bzip2/target/usr/man/man1/bzmore.1
2026-02-07T22:36:58 chmod a+r /home/satuo/maix/duo-buildroot-sdk-v2/buildroot/output/milkv-duos-musl-riscv64-sd/per-package/bzip2/target/usr/man/man1/bzdiff.1
2026-02-07T22:36:58 echo ".so man1/bzgrep.1" > /home/satuo/maix/duo-buildroot-sdk-v2/buildroot/output/milkv-duos-musl-riscv64-sd/per-package/bzip2/target/usr/man/man1/bzegrep.1
2026-02-07T22:36:58 echo ".so man1/bzgrep.1" > /home/satuo/maix/duo-buildroot-sdk-v2/buildroot/output/milkv-duos-musl-riscv64-sd/per-package/bzip2/target/usr/man/man1/bzfgrep.1
2026-02-07T22:36:58 echo ".so man1/bzmore.1" > /home/satuo/maix/duo-buildroot-sdk-v2/buildroot/output/milkv-duos-musl-riscv64-sd/per-package/bzip2/target/usr/man/man1/bzless.1
2026-02-07T22:36:58 echo ".so man1/bzdiff.1" > /home/satuo/maix/duo-buildroot-sdk-v2/buildroot/output/milkv-duos-musl-riscv64-sd/per-package/bzip2/target/usr/man/man1/bzcmp.1
2026-02-07T22:36:58 make[1]: Leaving directory '/home/satuo/maix/duo-buildroot-sdk-v2/buildroot/output/milkv-duos-musl-riscv64-sd/build/bzip2-1.0.8'
2026-02-07T22:36:58 GIT_DIR=. PATH="/home/satuo/maix/duo-buildroot-sdk-v2/buildroot/output/milkv-duos-musl-riscv64-sd/per-package/bzip2/host/bin:/home/satuo/maix/duo-buildroot-sdk-v2/buildroot/output/milkv-duos-musl-riscv64-sd/per-package/bzip2/host/sbin:/home/satuo/maix/duo-buildroot-sdk-v2/host-tools/gcc/riscv64-linux-musl-x86_64/bin:/home/satuo/maix/duo-buildroot-sdk-v2/host-tools/gcc/riscv64-linux-x86_64/bin:/home/satuo/maix/duo-buildroot-sdk-v2/host-tools/gcc/riscv64-elf-x86_64/bin:/home/satuo/maix/duo-buildroot-sdk-v2/host-tools/gcc/gcc-linaro-6.3.1-2017.05-x86_64_aarch64-elf/bin:/home/satuo/maix/duo-buildroot-sdk-v2/host-tools/gcc/gcc-linaro-6.3.1-2017.05-x86_64_arm-linux-gnueabihf/bin:/home/satuo/maix/duo-buildroot-sdk-v2/host-tools/gcc/gcc-linaro-7.3.1-2018.05-x86_64_aarch64-linux-gnu/bin:/home/satuo/.local/bin:/usr/local/sbin:/usr/local/bin:/usr/sbin:/usr/bin:/sbin:/bin:/usr/games:/usr/local/games:/usr/lib/wsl/lib:/snap/bin:/home/satuo/maix/duo-buildroot-sdk-v2/host-tools/gcc/arm-cvitek-linux-uclibcgnueabihf/bin" /usr/bin/make  -f Makefile-libbz2_so PREFIX=/home/satuo/maix/duo-buildroot-sdk-v2/buildroot/output/milkv-duos-musl-riscv64-sd/per-package/bzip2/target/usr -C /home/satuo/maix/duo-buildroot-sdk-v2/buildroot/output/milkv-duos-musl-riscv64-sd/build/bzip2-1.0.8 install
2026-02-07T22:36:58 make[1]: Entering directory '/home/satuo/maix/duo-buildroot-sdk-v2/buildroot/output/milkv-duos-musl-riscv64-sd/build/bzip2-1.0.8'
2026-02-07T22:36:58 install -m 0755 -D libbz2.so.1.0.8 /home/satuo/maix/duo-buildroot-sdk-v2/buildroot/output/milkv-duos-musl-riscv64-sd/per-package/bzip2/target/usr/lib/libbz2.so.1.0.8
2026-02-07T22:36:58 ln -sf libbz2.so.1.0.8 /home/satuo/maix/duo-buildroot-sdk-v2/buildroot/output/milkv-duos-musl-riscv64-sd/per-package/bzip2/target/usr/lib/libbz2.so
2026-02-07T22:36:58 ln -sf libbz2.so.1.0.8 /home/satuo/maix/duo-buildroot-sdk-v2/buildroot/output/milkv-duos-musl-riscv64-sd/per-package/bzip2/target/usr/lib/libbz2.so.1.0
2026-02-07T22:36:58 make[1]: Leaving directory '/home/satuo/maix/duo-buildroot-sdk-v2/buildroot/output/milkv-duos-musl-riscv64-sd/build/bzip2-1.0.8'
2026-02-07T22:36:58 [7m>>> host-python3 3.11.8 Patching[27m
2026-02-07T22:36:58 
2026-02-07T22:36:58 Applying 0001-Make-the-build-of-pyc-files-conditional.patch using patch:
2026-02-07T22:36:58 Error: duplicate filename '0001-Make-the-build-of-pyc-files-conditional.patch'
2026-02-07T22:36:58 Conflicting files are:
2026-02-07T22:36:58 already applied: /home/satuo/maix/duo-buildroot-sdk-v2/buildroot/package/python3/0001-Make-the-build-of-pyc-files-conditional.patch
2026-02-07T22:36:58 to be applied  : /home/satuo/maix/duo-buildroot-sdk-v2/buildroot/package/python3/0001-Make-the-build-of-pyc-files-conditional.patch
2026-02-07T22:36:58 make: *** [package/pkg-generic.mk:239: /home/satuo/maix/duo-buildroot-sdk-v2/buildroot/output/milkv-duos-musl-riscv64-sd/build/host-python3-3.11.8/.stamp_patched] Error 1
