The target system is: Linux -  - arm64
The host system is: Linux - 6.8.0-60-generic - x86_64
Compiling the C compiler identification source file "CMakeCCompilerId.c" succeeded.
Compiler: /home/satuo/milkv/duo-buildroot-sdk-v2/host-tools/gcc/gcc-linaro-7.3.1-2018.05-x86_64_aarch64-linux-gnu/bin/aarch64-linux-gnu-gcc 
Build flags: 
Id flags:  

The output was:
0


Compilation of the C compiler identification source "CMakeCCompilerId.c" produced "a.out"

The C compiler identification is GNU, found in "/home/satuo/milkv/duo-buildroot-sdk-v2/cvi_mpi/sample/lvgl_demo/build/CMakeFiles/3.22.1/CompilerIdC/a.out"

Detecting C compiler ABI info compiled with the following output:
Change Dir: /home/satuo/milkv/duo-buildroot-sdk-v2/cvi_mpi/sample/lvgl_demo/build/CMakeFiles/CMakeTmp

Run Build Command(s):/usr/bin/gmake -f Makefile cmTC_88e9b/fast && /usr/bin/gmake  -f CMakeFiles/cmTC_88e9b.dir/build.make CMakeFiles/cmTC_88e9b.dir/build
gmake[1]: Entering directory '/home/satuo/milkv/duo-buildroot-sdk-v2/cvi_mpi/sample/lvgl_demo/build/CMakeFiles/CMakeTmp'
Building C object CMakeFiles/cmTC_88e9b.dir/CMakeCCompilerABI.c.o
/home/satuo/milkv/duo-buildroot-sdk-v2/host-tools/gcc/gcc-linaro-7.3.1-2018.05-x86_64_aarch64-linux-gnu/bin/aarch64-linux-gnu-gcc   -v -o CMakeFiles/cmTC_88e9b.dir/CMakeCCompilerABI.c.o -c /usr/share/cmake-3.22/Modules/CMakeCCompilerABI.c
Using built-in specs.
COLLECT_GCC=/home/satuo/milkv/duo-buildroot-sdk-v2/host-tools/gcc/gcc-linaro-7.3.1-2018.05-x86_64_aarch64-linux-gnu/bin/aarch64-linux-gnu-gcc
Target: aarch64-linux-gnu
Configured with: '/home/tcwg-buildslave/workspace/tcwg-make-release/builder_arch/amd64/label/tcwg-x86_64-build/target/aarch64-linux-gnu/snapshots/gcc.git~linaro-7.3-2018.05/configure' SHELL=/bin/bash --with-mpc=/home/tcwg-buildslave/workspace/tcwg-make-release/builder_arch/amd64/label/tcwg-x86_64-build/target/aarch64-linux-gnu/_build/builds/destdir/x86_64-unknown-linux-gnu --with-mpfr=/home/tcwg-buildslave/workspace/tcwg-make-release/builder_arch/amd64/label/tcwg-x86_64-build/target/aarch64-linux-gnu/_build/builds/destdir/x86_64-unknown-linux-gnu --with-gmp=/home/tcwg-buildslave/workspace/tcwg-make-release/builder_arch/amd64/label/tcwg-x86_64-build/target/aarch64-linux-gnu/_build/builds/destdir/x86_64-unknown-linux-gnu --with-gnu-as --with-gnu-ld --disable-libmudflap --enable-lto --enable-shared --without-included-gettext --enable-nls --with-system-zlib --disable-sjlj-exceptions --enable-gnu-unique-object --enable-linker-build-id --disable-libstdcxx-pch --enable-c99 --enable-clocale=gnu --enable-libstdcxx-debug --enable-long-long --with-cloog=no --with-ppl=no --with-isl=no --disable-multilib --enable-fix-cortex-a53-835769 --enable-fix-cortex-a53-843419 --with-arch=armv8-a --enable-threads=posix --enable-multiarch --enable-libstdcxx-time=yes --enable-gnu-indirect-function --with-build-sysroot=/home/tcwg-buildslave/workspace/tcwg-make-release/builder_arch/amd64/label/tcwg-x86_64-build/target/aarch64-linux-gnu/_build/sysroots/aarch64-linux-gnu --with-sysroot=/home/tcwg-buildslave/workspace/tcwg-make-release/builder_arch/amd64/label/tcwg-x86_64-build/target/aarch64-linux-gnu/_build/builds/destdir/x86_64-unknown-linux-gnu/aarch64-linux-gnu/libc --enable-checking=release --disable-bootstrap --enable-languages=c,c++,fortran,lto --build=x86_64-unknown-linux-gnu --host=x86_64-unknown-linux-gnu --target=aarch64-linux-gnu --prefix=/home/tcwg-buildslave/workspace/tcwg-make-release/builder_arch/amd64/label/tcwg-x86_64-build/target/aarch64-linux-gnu/_build/builds/destdir/x86_64-unknown-linux-gnu
Thread model: posix
gcc version 7.3.1 20180425 [linaro-7.3-2018.05 revision d29120a424ecfbc167ef90065c0eeb7f91977701] (Linaro GCC 7.3-2018.05) 
COLLECT_GCC_OPTIONS='-v' '-o' 'CMakeFiles/cmTC_88e9b.dir/CMakeCCompilerABI.c.o' '-c' '-march=armv8-a' '-mlittle-endian' '-mabi=lp64'
 /home/satuo/milkv/duo-buildroot-sdk-v2/host-tools/gcc/gcc-linaro-7.3.1-2018.05-x86_64_aarch64-linux-gnu/bin/../libexec/gcc/aarch64-linux-gnu/7.3.1/cc1 -quiet -v -imultiarch aarch64-linux-gnu -iprefix /home/satuo/milkv/duo-buildroot-sdk-v2/host-tools/gcc/gcc-linaro-7.3.1-2018.05-x86_64_aarch64-linux-gnu/bin/../lib/gcc/aarch64-linux-gnu/7.3.1/ -isysroot /home/satuo/milkv/duo-buildroot-sdk-v2/host-tools/gcc/gcc-linaro-7.3.1-2018.05-x86_64_aarch64-linux-gnu/bin/../aarch64-linux-gnu/libc /usr/share/cmake-3.22/Modules/CMakeCCompilerABI.c -quiet -dumpbase CMakeCCompilerABI.c -march=armv8-a -mlittle-endian -mabi=lp64 -auxbase-strip CMakeFiles/cmTC_88e9b.dir/CMakeCCompilerABI.c.o -version -o /tmp/cce5ui5F.s
GNU C11 (Linaro GCC 7.3-2018.05) version 7.3.1 20180425 [linaro-7.3-2018.05 revision d29120a424ecfbc167ef90065c0eeb7f91977701] (aarch64-linux-gnu)
	compiled by GNU C version 4.8.4, GMP version 6.1.2, MPFR version 3.1.5, MPC version 1.0.3, isl version none
GGC heuristics: --param ggc-min-expand=100 --param ggc-min-heapsize=131072
ignoring duplicate directory "/home/satuo/milkv/duo-buildroot-sdk-v2/host-tools/gcc/gcc-linaro-7.3.1-2018.05-x86_64_aarch64-linux-gnu/bin/../lib/gcc/../../lib/gcc/aarch64-linux-gnu/7.3.1/include"
ignoring nonexistent directory "/home/satuo/milkv/duo-buildroot-sdk-v2/host-tools/gcc/gcc-linaro-7.3.1-2018.05-x86_64_aarch64-linux-gnu/bin/../aarch64-linux-gnu/libc/usr/local/include/aarch64-linux-gnu"
ignoring nonexistent directory "/home/satuo/milkv/duo-buildroot-sdk-v2/host-tools/gcc/gcc-linaro-7.3.1-2018.05-x86_64_aarch64-linux-gnu/bin/../aarch64-linux-gnu/libc/usr/local/include"
ignoring duplicate directory "/home/satuo/milkv/duo-buildroot-sdk-v2/host-tools/gcc/gcc-linaro-7.3.1-2018.05-x86_64_aarch64-linux-gnu/bin/../lib/gcc/../../lib/gcc/aarch64-linux-gnu/7.3.1/include-fixed"
ignoring duplicate directory "/home/satuo/milkv/duo-buildroot-sdk-v2/host-tools/gcc/gcc-linaro-7.3.1-2018.05-x86_64_aarch64-linux-gnu/bin/../lib/gcc/../../lib/gcc/aarch64-linux-gnu/7.3.1/../../../../aarch64-linux-gnu/include"
ignoring nonexistent directory "/home/satuo/milkv/duo-buildroot-sdk-v2/host-tools/gcc/gcc-linaro-7.3.1-2018.05-x86_64_aarch64-linux-gnu/bin/../aarch64-linux-gnu/libc/usr/include/aarch64-linux-gnu"
#include "..." search starts here:
#include <...> search starts here:
 /home/satuo/milkv/duo-buildroot-sdk-v2/host-tools/gcc/gcc-linaro-7.3.1-2018.05-x86_64_aarch64-linux-gnu/bin/../lib/gcc/aarch64-linux-gnu/7.3.1/include
 /home/satuo/milkv/duo-buildroot-sdk-v2/host-tools/gcc/gcc-linaro-7.3.1-2018.05-x86_64_aarch64-linux-gnu/bin/../lib/gcc/aarch64-linux-gnu/7.3.1/include-fixed
 /home/satuo/milkv/duo-buildroot-sdk-v2/host-tools/gcc/gcc-linaro-7.3.1-2018.05-x86_64_aarch64-linux-gnu/bin/../lib/gcc/aarch64-linux-gnu/7.3.1/../../../../aarch64-linux-gnu/include
 /home/satuo/milkv/duo-buildroot-sdk-v2/host-tools/gcc/gcc-linaro-7.3.1-2018.05-x86_64_aarch64-linux-gnu/bin/../aarch64-linux-gnu/libc/usr/include
End of search list.
GNU C11 (Linaro GCC 7.3-2018.05) version 7.3.1 20180425 [linaro-7.3-2018.05 revision d29120a424ecfbc167ef90065c0eeb7f91977701] (aarch64-linux-gnu)
	compiled by GNU C version 4.8.4, GMP version 6.1.2, MPFR version 3.1.5, MPC version 1.0.3, isl version none
GGC heuristics: --param ggc-min-expand=100 --param ggc-min-heapsize=131072
Compiler executable checksum: feec774fd8ac1eade5531d3baf102147
COLLECT_GCC_OPTIONS='-v' '-o' 'CMakeFiles/cmTC_88e9b.dir/CMakeCCompilerABI.c.o' '-c' '-march=armv8-a' '-mlittle-endian' '-mabi=lp64'
 /home/satuo/milkv/duo-buildroot-sdk-v2/host-tools/gcc/gcc-linaro-7.3.1-2018.05-x86_64_aarch64-linux-gnu/bin/../lib/gcc/aarch64-linux-gnu/7.3.1/../../../../aarch64-linux-gnu/bin/as -v -EL -march=armv8-a -mabi=lp64 -o CMakeFiles/cmTC_88e9b.dir/CMakeCCompilerABI.c.o /tmp/cce5ui5F.s
GNU assembler version 2.28.2 (aarch64-linux-gnu) using BFD version (Linaro_Binutils-2018.05) 2.28.2.20170706
COMPILER_PATH=/home/satuo/milkv/duo-buildroot-sdk-v2/host-tools/gcc/gcc-linaro-7.3.1-2018.05-x86_64_aarch64-linux-gnu/bin/../libexec/gcc/aarch64-linux-gnu/7.3.1/:/home/satuo/milkv/duo-buildroot-sdk-v2/host-tools/gcc/gcc-linaro-7.3.1-2018.05-x86_64_aarch64-linux-gnu/bin/../libexec/gcc/aarch64-linux-gnu/:/home/satuo/milkv/duo-buildroot-sdk-v2/host-tools/gcc/gcc-linaro-7.3.1-2018.05-x86_64_aarch64-linux-gnu/bin/../libexec/gcc/:/home/satuo/milkv/duo-buildroot-sdk-v2/host-tools/gcc/gcc-linaro-7.3.1-2018.05-x86_64_aarch64-linux-gnu/bin/../lib/gcc/aarch64-linux-gnu/7.3.1/../../../../aarch64-linux-gnu/bin/
LIBRARY_PATH=/home/satuo/milkv/duo-buildroot-sdk-v2/host-tools/gcc/gcc-linaro-7.3.1-2018.05-x86_64_aarch64-linux-gnu/bin/../lib/gcc/aarch64-linux-gnu/7.3.1/:/home/satuo/milkv/duo-buildroot-sdk-v2/host-tools/gcc/gcc-linaro-7.3.1-2018.05-x86_64_aarch64-linux-gnu/bin/../lib/gcc/aarch64-linux-gnu/:/home/satuo/milkv/duo-buildroot-sdk-v2/host-tools/gcc/gcc-linaro-7.3.1-2018.05-x86_64_aarch64-linux-gnu/bin/../lib/gcc/:/home/satuo/milkv/duo-buildroot-sdk-v2/host-tools/gcc/gcc-linaro-7.3.1-2018.05-x86_64_aarch64-linux-gnu/bin/../lib/gcc/aarch64-linux-gnu/7.3.1/../../../../aarch64-linux-gnu/lib/../lib64/:/home/satuo/milkv/duo-buildroot-sdk-v2/host-tools/gcc/gcc-linaro-7.3.1-2018.05-x86_64_aarch64-linux-gnu/bin/../lib/gcc/aarch64-linux-gnu/7.3.1/../../../../aarch64-linux-gnu/lib/:/home/satuo/milkv/duo-buildroot-sdk-v2/host-tools/gcc/gcc-linaro-7.3.1-2018.05-x86_64_aarch64-linux-gnu/bin/../aarch64-linux-gnu/libc/lib/:/home/satuo/milkv/duo-buildroot-sdk-v2/host-tools/gcc/gcc-linaro-7.3.1-2018.05-x86_64_aarch64-linux-gnu/bin/../aarch64-linux-gnu/libc/usr/lib/
COLLECT_GCC_OPTIONS='-v' '-o' 'CMakeFiles/cmTC_88e9b.dir/CMakeCCompilerABI.c.o' '-c' '-march=armv8-a' '-mlittle-endian' '-mabi=lp64'
Linking C executable cmTC_88e9b
/usr/bin/cmake -E cmake_link_script CMakeFiles/cmTC_88e9b.dir/link.txt --verbose=1
/home/satuo/milkv/duo-buildroot-sdk-v2/host-tools/gcc/gcc-linaro-7.3.1-2018.05-x86_64_aarch64-linux-gnu/bin/aarch64-linux-gnu-gcc  -v CMakeFiles/cmTC_88e9b.dir/CMakeCCompilerABI.c.o -o cmTC_88e9b 
Using built-in specs.
COLLECT_GCC=/home/satuo/milkv/duo-buildroot-sdk-v2/host-tools/gcc/gcc-linaro-7.3.1-2018.05-x86_64_aarch64-linux-gnu/bin/aarch64-linux-gnu-gcc
COLLECT_LTO_WRAPPER=/home/satuo/milkv/duo-buildroot-sdk-v2/host-tools/gcc/gcc-linaro-7.3.1-2018.05-x86_64_aarch64-linux-gnu/bin/../libexec/gcc/aarch64-linux-gnu/7.3.1/lto-wrapper
Target: aarch64-linux-gnu
Configured with: '/home/tcwg-buildslave/workspace/tcwg-make-release/builder_arch/amd64/label/tcwg-x86_64-build/target/aarch64-linux-gnu/snapshots/gcc.git~linaro-7.3-2018.05/configure' SHELL=/bin/bash --with-mpc=/home/tcwg-buildslave/workspace/tcwg-make-release/builder_arch/amd64/label/tcwg-x86_64-build/target/aarch64-linux-gnu/_build/builds/destdir/x86_64-unknown-linux-gnu --with-mpfr=/home/tcwg-buildslave/workspace/tcwg-make-release/builder_arch/amd64/label/tcwg-x86_64-build/target/aarch64-linux-gnu/_build/builds/destdir/x86_64-unknown-linux-gnu --with-gmp=/home/tcwg-buildslave/workspace/tcwg-make-release/builder_arch/amd64/label/tcwg-x86_64-build/target/aarch64-linux-gnu/_build/builds/destdir/x86_64-unknown-linux-gnu --with-gnu-as --with-gnu-ld --disable-libmudflap --enable-lto --enable-shared --without-included-gettext --enable-nls --with-system-zlib --disable-sjlj-exceptions --enable-gnu-unique-object --enable-linker-build-id --disable-libstdcxx-pch --enable-c99 --enable-clocale=gnu --enable-libstdcxx-debug --enable-long-long --with-cloog=no --with-ppl=no --with-isl=no --disable-multilib --enable-fix-cortex-a53-835769 --enable-fix-cortex-a53-843419 --with-arch=armv8-a --enable-threads=posix --enable-multiarch --enable-libstdcxx-time=yes --enable-gnu-indirect-function --with-build-sysroot=/home/tcwg-buildslave/workspace/tcwg-make-release/builder_arch/amd64/label/tcwg-x86_64-build/target/aarch64-linux-gnu/_build/sysroots/aarch64-linux-gnu --with-sysroot=/home/tcwg-buildslave/workspace/tcwg-make-release/builder_arch/amd64/label/tcwg-x86_64-build/target/aarch64-linux-gnu/_build/builds/destdir/x86_64-unknown-linux-gnu/aarch64-linux-gnu/libc --enable-checking=release --disable-bootstrap --enable-languages=c,c++,fortran,lto --build=x86_64-unknown-linux-gnu --host=x86_64-unknown-linux-gnu --target=aarch64-linux-gnu --prefix=/home/tcwg-buildslave/workspace/tcwg-make-release/builder_arch/amd64/label/tcwg-x86_64-build/target/aarch64-linux-gnu/_build/builds/destdir/x86_64-unknown-linux-gnu
Thread model: posix
gcc version 7.3.1 20180425 [linaro-7.3-2018.05 revision d29120a424ecfbc167ef90065c0eeb7f91977701] (Linaro GCC 7.3-2018.05) 
COMPILER_PATH=/home/satuo/milkv/duo-buildroot-sdk-v2/host-tools/gcc/gcc-linaro-7.3.1-2018.05-x86_64_aarch64-linux-gnu/bin/../libexec/gcc/aarch64-linux-gnu/7.3.1/:/home/satuo/milkv/duo-buildroot-sdk-v2/host-tools/gcc/gcc-linaro-7.3.1-2018.05-x86_64_aarch64-linux-gnu/bin/../libexec/gcc/aarch64-linux-gnu/:/home/satuo/milkv/duo-buildroot-sdk-v2/host-tools/gcc/gcc-linaro-7.3.1-2018.05-x86_64_aarch64-linux-gnu/bin/../libexec/gcc/:/home/satuo/milkv/duo-buildroot-sdk-v2/host-tools/gcc/gcc-linaro-7.3.1-2018.05-x86_64_aarch64-linux-gnu/bin/../lib/gcc/aarch64-linux-gnu/7.3.1/../../../../aarch64-linux-gnu/bin/
LIBRARY_PATH=/home/satuo/milkv/duo-buildroot-sdk-v2/host-tools/gcc/gcc-linaro-7.3.1-2018.05-x86_64_aarch64-linux-gnu/bin/../lib/gcc/aarch64-linux-gnu/7.3.1/:/home/satuo/milkv/duo-buildroot-sdk-v2/host-tools/gcc/gcc-linaro-7.3.1-2018.05-x86_64_aarch64-linux-gnu/bin/../lib/gcc/aarch64-linux-gnu/:/home/satuo/milkv/duo-buildroot-sdk-v2/host-tools/gcc/gcc-linaro-7.3.1-2018.05-x86_64_aarch64-linux-gnu/bin/../lib/gcc/:/home/satuo/milkv/duo-buildroot-sdk-v2/host-tools/gcc/gcc-linaro-7.3.1-2018.05-x86_64_aarch64-linux-gnu/bin/../lib/gcc/aarch64-linux-gnu/7.3.1/../../../../aarch64-linux-gnu/lib/../lib64/:/home/satuo/milkv/duo-buildroot-sdk-v2/host-tools/gcc/gcc-linaro-7.3.1-2018.05-x86_64_aarch64-linux-gnu/bin/../lib/gcc/aarch64-linux-gnu/7.3.1/../../../../aarch64-linux-gnu/lib/:/home/satuo/milkv/duo-buildroot-sdk-v2/host-tools/gcc/gcc-linaro-7.3.1-2018.05-x86_64_aarch64-linux-gnu/bin/../aarch64-linux-gnu/libc/lib/:/home/satuo/milkv/duo-buildroot-sdk-v2/host-tools/gcc/gcc-linaro-7.3.1-2018.05-x86_64_aarch64-linux-gnu/bin/../aarch64-linux-gnu/libc/usr/lib/
COLLECT_GCC_OPTIONS='-v' '-o' 'cmTC_88e9b' '-march=armv8-a' '-mlittle-endian' '-mabi=lp64'
 /home/satuo/milkv/duo-buildroot-sdk-v2/host-tools/gcc/gcc-linaro-7.3.1-2018.05-x86_64_aarch64-linux-gnu/bin/../libexec/gcc/aarch64-linux-gnu/7.3.1/collect2 -plugin /home/satuo/milkv/duo-buildroot-sdk-v2/host-tools/gcc/gcc-linaro-7.3.1-2018.05-x86_64_aarch64-linux-gnu/bin/../libexec/gcc/aarch64-linux-gnu/7.3.1/liblto_plugin.so -plugin-opt=/home/satuo/milkv/duo-buildroot-sdk-v2/host-tools/gcc/gcc-linaro-7.3.1-2018.05-x86_64_aarch64-linux-gnu/bin/../libexec/gcc/aarch64-linux-gnu/7.3.1/lto-wrapper -plugin-opt=-fresolution=/tmp/ccBpnmsx.res -plugin-opt=-pass-through=-lgcc -plugin-opt=-pass-through=-lgcc_s -plugin-opt=-pass-through=-lc -plugin-opt=-pass-through=-lgcc -plugin-opt=-pass-through=-lgcc_s --sysroot=/home/satuo/milkv/duo-buildroot-sdk-v2/host-tools/gcc/gcc-linaro-7.3.1-2018.05-x86_64_aarch64-linux-gnu/bin/../aarch64-linux-gnu/libc --build-id --eh-frame-hdr -dynamic-linker /lib/ld-linux-aarch64.so.1 -X -EL -maarch64linux --fix-cortex-a53-835769 --fix-cortex-a53-843419 -o cmTC_88e9b /home/satuo/milkv/duo-buildroot-sdk-v2/host-tools/gcc/gcc-linaro-7.3.1-2018.05-x86_64_aarch64-linux-gnu/bin/../aarch64-linux-gnu/libc/usr/lib/crt1.o /home/satuo/milkv/duo-buildroot-sdk-v2/host-tools/gcc/gcc-linaro-7.3.1-2018.05-x86_64_aarch64-linux-gnu/bin/../aarch64-linux-gnu/libc/usr/lib/crti.o /home/satuo/milkv/duo-buildroot-sdk-v2/host-tools/gcc/gcc-linaro-7.3.1-2018.05-x86_64_aarch64-linux-gnu/bin/../lib/gcc/aarch64-linux-gnu/7.3.1/crtbegin.o -L/home/satuo/milkv/duo-buildroot-sdk-v2/host-tools/gcc/gcc-linaro-7.3.1-2018.05-x86_64_aarch64-linux-gnu/bin/../lib/gcc/aarch64-linux-gnu/7.3.1 -L/home/satuo/milkv/duo-buildroot-sdk-v2/host-tools/gcc/gcc-linaro-7.3.1-2018.05-x86_64_aarch64-linux-gnu/bin/../lib/gcc/aarch64-linux-gnu -L/home/satuo/milkv/duo-buildroot-sdk-v2/host-tools/gcc/gcc-linaro-7.3.1-2018.05-x86_64_aarch64-linux-gnu/bin/../lib/gcc -L/home/satuo/milkv/duo-buildroot-sdk-v2/host-tools/gcc/gcc-linaro-7.3.1-2018.05-x86_64_aarch64-linux-gnu/bin/../lib/gcc/aarch64-linux-gnu/7.3.1/../../../../aarch64-linux-gnu/lib/../lib64 -L/home/satuo/milkv/duo-buildroot-sdk-v2/host-tools/gcc/gcc-linaro-7.3.1-2018.05-x86_64_aarch64-linux-gnu/bin/../lib/gcc/aarch64-linux-gnu/7.3.1/../../../../aarch64-linux-gnu/lib -L/home/satuo/milkv/duo-buildroot-sdk-v2/host-tools/gcc/gcc-linaro-7.3.1-2018.05-x86_64_aarch64-linux-gnu/bin/../aarch64-linux-gnu/libc/lib -L/home/satuo/milkv/duo-buildroot-sdk-v2/host-tools/gcc/gcc-linaro-7.3.1-2018.05-x86_64_aarch64-linux-gnu/bin/../aarch64-linux-gnu/libc/usr/lib CMakeFiles/cmTC_88e9b.dir/CMakeCCompilerABI.c.o -lgcc --as-needed -lgcc_s --no-as-needed -lc -lgcc --as-needed -lgcc_s --no-as-needed /home/satuo/milkv/duo-buildroot-sdk-v2/host-tools/gcc/gcc-linaro-7.3.1-2018.05-x86_64_aarch64-linux-gnu/bin/../lib/gcc/aarch64-linux-gnu/7.3.1/crtend.o /home/satuo/milkv/duo-buildroot-sdk-v2/host-tools/gcc/gcc-linaro-7.3.1-2018.05-x86_64_aarch64-linux-gnu/bin/../aarch64-linux-gnu/libc/usr/lib/crtn.o
COLLECT_GCC_OPTIONS='-v' '-o' 'cmTC_88e9b' '-march=armv8-a' '-mlittle-endian' '-mabi=lp64'
gmake[1]: Leaving directory '/home/satuo/milkv/duo-buildroot-sdk-v2/cvi_mpi/sample/lvgl_demo/build/CMakeFiles/CMakeTmp'



Parsed C implicit include dir info from above output: rv=done
  found start of include info
  found start of implicit include info
    add: [/home/satuo/milkv/duo-buildroot-sdk-v2/host-tools/gcc/gcc-linaro-7.3.1-2018.05-x86_64_aarch64-linux-gnu/bin/../lib/gcc/aarch64-linux-gnu/7.3.1/include]
    add: [/home/satuo/milkv/duo-buildroot-sdk-v2/host-tools/gcc/gcc-linaro-7.3.1-2018.05-x86_64_aarch64-linux-gnu/bin/../lib/gcc/aarch64-linux-gnu/7.3.1/include-fixed]
    add: [/home/satuo/milkv/duo-buildroot-sdk-v2/host-tools/gcc/gcc-linaro-7.3.1-2018.05-x86_64_aarch64-linux-gnu/bin/../lib/gcc/aarch64-linux-gnu/7.3.1/../../../../aarch64-linux-gnu/include]
    add: [/home/satuo/milkv/duo-buildroot-sdk-v2/host-tools/gcc/gcc-linaro-7.3.1-2018.05-x86_64_aarch64-linux-gnu/bin/../aarch64-linux-gnu/libc/usr/include]
  end of search list found
  collapse include dir [/home/satuo/milkv/duo-buildroot-sdk-v2/host-tools/gcc/gcc-linaro-7.3.1-2018.05-x86_64_aarch64-linux-gnu/bin/../lib/gcc/aarch64-linux-gnu/7.3.1/include] ==> [/home/satuo/milkv/duo-buildroot-sdk-v2/host-tools/gcc/gcc-linaro-7.3.1-2018.05-x86_64_aarch64-linux-gnu/lib/gcc/aarch64-linux-gnu/7.3.1/include]
  collapse include dir [/home/satuo/milkv/duo-buildroot-sdk-v2/host-tools/gcc/gcc-linaro-7.3.1-2018.05-x86_64_aarch64-linux-gnu/bin/../lib/gcc/aarch64-linux-gnu/7.3.1/include-fixed] ==> [/home/satuo/milkv/duo-buildroot-sdk-v2/host-tools/gcc/gcc-linaro-7.3.1-2018.05-x86_64_aarch64-linux-gnu/lib/gcc/aarch64-linux-gnu/7.3.1/include-fixed]
  collapse include dir [/home/satuo/milkv/duo-buildroot-sdk-v2/host-tools/gcc/gcc-linaro-7.3.1-2018.05-x86_64_aarch64-linux-gnu/bin/../lib/gcc/aarch64-linux-gnu/7.3.1/../../../../aarch64-linux-gnu/include] ==> [/home/satuo/milkv/duo-buildroot-sdk-v2/host-tools/gcc/gcc-linaro-7.3.1-2018.05-x86_64_aarch64-linux-gnu/aarch64-linux-gnu/include]
  collapse include dir [/home/satuo/milkv/duo-buildroot-sdk-v2/host-tools/gcc/gcc-linaro-7.3.1-2018.05-x86_64_aarch64-linux-gnu/bin/../aarch64-linux-gnu/libc/usr/include] ==> [/home/satuo/milkv/duo-buildroot-sdk-v2/host-tools/gcc/gcc-linaro-7.3.1-2018.05-x86_64_aarch64-linux-gnu/aarch64-linux-gnu/libc/usr/include]
  implicit include dirs: [/home/satuo/milkv/duo-buildroot-sdk-v2/host-tools/gcc/gcc-linaro-7.3.1-2018.05-x86_64_aarch64-linux-gnu/lib/gcc/aarch64-linux-gnu/7.3.1/include;/home/satuo/milkv/duo-buildroot-sdk-v2/host-tools/gcc/gcc-linaro-7.3.1-2018.05-x86_64_aarch64-linux-gnu/lib/gcc/aarch64-linux-gnu/7.3.1/include-fixed;/home/satuo/milkv/duo-buildroot-sdk-v2/host-tools/gcc/gcc-linaro-7.3.1-2018.05-x86_64_aarch64-linux-gnu/aarch64-linux-gnu/include;/home/satuo/milkv/duo-buildroot-sdk-v2/host-tools/gcc/gcc-linaro-7.3.1-2018.05-x86_64_aarch64-linux-gnu/aarch64-linux-gnu/libc/usr/include]


Parsed C implicit link information from above output:
  link line regex: [^( *|.*[/\])(aarch64-linux-gnu-ld|CMAKE_LINK_STARTFILE-NOTFOUND|([^/\]+-)?ld|collect2)[^/\]*( |$)]
  ignore line: [Change Dir: /home/satuo/milkv/duo-buildroot-sdk-v2/cvi_mpi/sample/lvgl_demo/build/CMakeFiles/CMakeTmp]
  ignore line: []
  ignore line: [Run Build Command(s):/usr/bin/gmake -f Makefile cmTC_88e9b/fast && /usr/bin/gmake  -f CMakeFiles/cmTC_88e9b.dir/build.make CMakeFiles/cmTC_88e9b.dir/build]
  ignore line: [gmake[1]: Entering directory '/home/satuo/milkv/duo-buildroot-sdk-v2/cvi_mpi/sample/lvgl_demo/build/CMakeFiles/CMakeTmp']
  ignore line: [Building C object CMakeFiles/cmTC_88e9b.dir/CMakeCCompilerABI.c.o]
  ignore line: [/home/satuo/milkv/duo-buildroot-sdk-v2/host-tools/gcc/gcc-linaro-7.3.1-2018.05-x86_64_aarch64-linux-gnu/bin/aarch64-linux-gnu-gcc   -v -o CMakeFiles/cmTC_88e9b.dir/CMakeCCompilerABI.c.o -c /usr/share/cmake-3.22/Modules/CMakeCCompilerABI.c]
  ignore line: [Using built-in specs.]
  ignore line: [COLLECT_GCC=/home/satuo/milkv/duo-buildroot-sdk-v2/host-tools/gcc/gcc-linaro-7.3.1-2018.05-x86_64_aarch64-linux-gnu/bin/aarch64-linux-gnu-gcc]
  ignore line: [Target: aarch64-linux-gnu]
  ignore line: [Configured with: '/home/tcwg-buildslave/workspace/tcwg-make-release/builder_arch/amd64/label/tcwg-x86_64-build/target/aarch64-linux-gnu/snapshots/gcc.git~linaro-7.3-2018.05/configure' SHELL=/bin/bash --with-mpc=/home/tcwg-buildslave/workspace/tcwg-make-release/builder_arch/amd64/label/tcwg-x86_64-build/target/aarch64-linux-gnu/_build/builds/destdir/x86_64-unknown-linux-gnu --with-mpfr=/home/tcwg-buildslave/workspace/tcwg-make-release/builder_arch/amd64/label/tcwg-x86_64-build/target/aarch64-linux-gnu/_build/builds/destdir/x86_64-unknown-linux-gnu --with-gmp=/home/tcwg-buildslave/workspace/tcwg-make-release/builder_arch/amd64/label/tcwg-x86_64-build/target/aarch64-linux-gnu/_build/builds/destdir/x86_64-unknown-linux-gnu --with-gnu-as --with-gnu-ld --disable-libmudflap --enable-lto --enable-shared --without-included-gettext --enable-nls --with-system-zlib --disable-sjlj-exceptions --enable-gnu-unique-object --enable-linker-build-id --disable-libstdcxx-pch --enable-c99 --enable-clocale=gnu --enable-libstdcxx-debug --enable-long-long --with-cloog=no --with-ppl=no --with-isl=no --disable-multilib --enable-fix-cortex-a53-835769 --enable-fix-cortex-a53-843419 --with-arch=armv8-a --enable-threads=posix --enable-multiarch --enable-libstdcxx-time=yes --enable-gnu-indirect-function --with-build-sysroot=/home/tcwg-buildslave/workspace/tcwg-make-release/builder_arch/amd64/label/tcwg-x86_64-build/target/aarch64-linux-gnu/_build/sysroots/aarch64-linux-gnu --with-sysroot=/home/tcwg-buildslave/workspace/tcwg-make-release/builder_arch/amd64/label/tcwg-x86_64-build/target/aarch64-linux-gnu/_build/builds/destdir/x86_64-unknown-linux-gnu/aarch64-linux-gnu/libc --enable-checking=release --disable-bootstrap --enable-languages=c,c++,fortran,lto --build=x86_64-unknown-linux-gnu --host=x86_64-unknown-linux-gnu --target=aarch64-linux-gnu --prefix=/home/tcwg-buildslave/workspace/tcwg-make-release/builder_arch/amd64/label/tcwg-x86_64-build/target/aarch64-linux-gnu/_build/builds/destdir/x86_64-unknown-linux-gnu]
  ignore line: [Thread model: posix]
  ignore line: [gcc version 7.3.1 20180425 [linaro-7.3-2018.05 revision d29120a424ecfbc167ef90065c0eeb7f91977701] (Linaro GCC 7.3-2018.05) ]
  ignore line: [COLLECT_GCC_OPTIONS='-v' '-o' 'CMakeFiles/cmTC_88e9b.dir/CMakeCCompilerABI.c.o' '-c' '-march=armv8-a' '-mlittle-endian' '-mabi=lp64']
  ignore line: [ /home/satuo/milkv/duo-buildroot-sdk-v2/host-tools/gcc/gcc-linaro-7.3.1-2018.05-x86_64_aarch64-linux-gnu/bin/../libexec/gcc/aarch64-linux-gnu/7.3.1/cc1 -quiet -v -imultiarch aarch64-linux-gnu -iprefix /home/satuo/milkv/duo-buildroot-sdk-v2/host-tools/gcc/gcc-linaro-7.3.1-2018.05-x86_64_aarch64-linux-gnu/bin/../lib/gcc/aarch64-linux-gnu/7.3.1/ -isysroot /home/satuo/milkv/duo-buildroot-sdk-v2/host-tools/gcc/gcc-linaro-7.3.1-2018.05-x86_64_aarch64-linux-gnu/bin/../aarch64-linux-gnu/libc /usr/share/cmake-3.22/Modules/CMakeCCompilerABI.c -quiet -dumpbase CMakeCCompilerABI.c -march=armv8-a -mlittle-endian -mabi=lp64 -auxbase-strip CMakeFiles/cmTC_88e9b.dir/CMakeCCompilerABI.c.o -version -o /tmp/cce5ui5F.s]
  ignore line: [GNU C11 (Linaro GCC 7.3-2018.05) version 7.3.1 20180425 [linaro-7.3-2018.05 revision d29120a424ecfbc167ef90065c0eeb7f91977701] (aarch64-linux-gnu)]
  ignore line: [	compiled by GNU C version 4.8.4  GMP version 6.1.2  MPFR version 3.1.5  MPC version 1.0.3  isl version none]
  ignore line: [GGC heuristics: --param ggc-min-expand=100 --param ggc-min-heapsize=131072]
  ignore line: [ignoring duplicate directory "/home/satuo/milkv/duo-buildroot-sdk-v2/host-tools/gcc/gcc-linaro-7.3.1-2018.05-x86_64_aarch64-linux-gnu/bin/../lib/gcc/../../lib/gcc/aarch64-linux-gnu/7.3.1/include"]
  ignore line: [ignoring nonexistent directory "/home/satuo/milkv/duo-buildroot-sdk-v2/host-tools/gcc/gcc-linaro-7.3.1-2018.05-x86_64_aarch64-linux-gnu/bin/../aarch64-linux-gnu/libc/usr/local/include/aarch64-linux-gnu"]
  ignore line: [ignoring nonexistent directory "/home/satuo/milkv/duo-buildroot-sdk-v2/host-tools/gcc/gcc-linaro-7.3.1-2018.05-x86_64_aarch64-linux-gnu/bin/../aarch64-linux-gnu/libc/usr/local/include"]
  ignore line: [ignoring duplicate directory "/home/satuo/milkv/duo-buildroot-sdk-v2/host-tools/gcc/gcc-linaro-7.3.1-2018.05-x86_64_aarch64-linux-gnu/bin/../lib/gcc/../../lib/gcc/aarch64-linux-gnu/7.3.1/include-fixed"]
  ignore line: [ignoring duplicate directory "/home/satuo/milkv/duo-buildroot-sdk-v2/host-tools/gcc/gcc-linaro-7.3.1-2018.05-x86_64_aarch64-linux-gnu/bin/../lib/gcc/../../lib/gcc/aarch64-linux-gnu/7.3.1/../../../../aarch64-linux-gnu/include"]
  ignore line: [ignoring nonexistent directory "/home/satuo/milkv/duo-buildroot-sdk-v2/host-tools/gcc/gcc-linaro-7.3.1-2018.05-x86_64_aarch64-linux-gnu/bin/../aarch64-linux-gnu/libc/usr/include/aarch64-linux-gnu"]
  ignore line: [#include "..." search starts here:]
  ignore line: [#include <...> search starts here:]
  ignore line: [ /home/satuo/milkv/duo-buildroot-sdk-v2/host-tools/gcc/gcc-linaro-7.3.1-2018.05-x86_64_aarch64-linux-gnu/bin/../lib/gcc/aarch64-linux-gnu/7.3.1/include]
  ignore line: [ /home/satuo/milkv/duo-buildroot-sdk-v2/host-tools/gcc/gcc-linaro-7.3.1-2018.05-x86_64_aarch64-linux-gnu/bin/../lib/gcc/aarch64-linux-gnu/7.3.1/include-fixed]
  ignore line: [ /home/satuo/milkv/duo-buildroot-sdk-v2/host-tools/gcc/gcc-linaro-7.3.1-2018.05-x86_64_aarch64-linux-gnu/bin/../lib/gcc/aarch64-linux-gnu/7.3.1/../../../../aarch64-linux-gnu/include]
  ignore line: [ /home/satuo/milkv/duo-buildroot-sdk-v2/host-tools/gcc/gcc-linaro-7.3.1-2018.05-x86_64_aarch64-linux-gnu/bin/../aarch64-linux-gnu/libc/usr/include]
  ignore line: [End of search list.]
  ignore line: [GNU C11 (Linaro GCC 7.3-2018.05) version 7.3.1 20180425 [linaro-7.3-2018.05 revision d29120a424ecfbc167ef90065c0eeb7f91977701] (aarch64-linux-gnu)]
  ignore line: [	compiled by GNU C version 4.8.4  GMP version 6.1.2  MPFR version 3.1.5  MPC version 1.0.3  isl version none]
  ignore line: [GGC heuristics: --param ggc-min-expand=100 --param ggc-min-heapsize=131072]
  ignore line: [Compiler executable checksum: feec774fd8ac1eade5531d3baf102147]
  ignore line: [COLLECT_GCC_OPTIONS='-v' '-o' 'CMakeFiles/cmTC_88e9b.dir/CMakeCCompilerABI.c.o' '-c' '-march=armv8-a' '-mlittle-endian' '-mabi=lp64']
  ignore line: [ /home/satuo/milkv/duo-buildroot-sdk-v2/host-tools/gcc/gcc-linaro-7.3.1-2018.05-x86_64_aarch64-linux-gnu/bin/../lib/gcc/aarch64-linux-gnu/7.3.1/../../../../aarch64-linux-gnu/bin/as -v -EL -march=armv8-a -mabi=lp64 -o CMakeFiles/cmTC_88e9b.dir/CMakeCCompilerABI.c.o /tmp/cce5ui5F.s]
  ignore line: [GNU assembler version 2.28.2 (aarch64-linux-gnu) using BFD version (Linaro_Binutils-2018.05) 2.28.2.20170706]
  ignore line: [COMPILER_PATH=/home/satuo/milkv/duo-buildroot-sdk-v2/host-tools/gcc/gcc-linaro-7.3.1-2018.05-x86_64_aarch64-linux-gnu/bin/../libexec/gcc/aarch64-linux-gnu/7.3.1/:/home/satuo/milkv/duo-buildroot-sdk-v2/host-tools/gcc/gcc-linaro-7.3.1-2018.05-x86_64_aarch64-linux-gnu/bin/../libexec/gcc/aarch64-linux-gnu/:/home/satuo/milkv/duo-buildroot-sdk-v2/host-tools/gcc/gcc-linaro-7.3.1-2018.05-x86_64_aarch64-linux-gnu/bin/../libexec/gcc/:/home/satuo/milkv/duo-buildroot-sdk-v2/host-tools/gcc/gcc-linaro-7.3.1-2018.05-x86_64_aarch64-linux-gnu/bin/../lib/gcc/aarch64-linux-gnu/7.3.1/../../../../aarch64-linux-gnu/bin/]
  ignore line: [LIBRARY_PATH=/home/satuo/milkv/duo-buildroot-sdk-v2/host-tools/gcc/gcc-linaro-7.3.1-2018.05-x86_64_aarch64-linux-gnu/bin/../lib/gcc/aarch64-linux-gnu/7.3.1/:/home/satuo/milkv/duo-buildroot-sdk-v2/host-tools/gcc/gcc-linaro-7.3.1-2018.05-x86_64_aarch64-linux-gnu/bin/../lib/gcc/aarch64-linux-gnu/:/home/satuo/milkv/duo-buildroot-sdk-v2/host-tools/gcc/gcc-linaro-7.3.1-2018.05-x86_64_aarch64-linux-gnu/bin/../lib/gcc/:/home/satuo/milkv/duo-buildroot-sdk-v2/host-tools/gcc/gcc-linaro-7.3.1-2018.05-x86_64_aarch64-linux-gnu/bin/../lib/gcc/aarch64-linux-gnu/7.3.1/../../../../aarch64-linux-gnu/lib/../lib64/:/home/satuo/milkv/duo-buildroot-sdk-v2/host-tools/gcc/gcc-linaro-7.3.1-2018.05-x86_64_aarch64-linux-gnu/bin/../lib/gcc/aarch64-linux-gnu/7.3.1/../../../../aarch64-linux-gnu/lib/:/home/satuo/milkv/duo-buildroot-sdk-v2/host-tools/gcc/gcc-linaro-7.3.1-2018.05-x86_64_aarch64-linux-gnu/bin/../aarch64-linux-gnu/libc/lib/:/home/satuo/milkv/duo-buildroot-sdk-v2/host-tools/gcc/gcc-linaro-7.3.1-2018.05-x86_64_aarch64-linux-gnu/bin/../aarch64-linux-gnu/libc/usr/lib/]
  ignore line: [COLLECT_GCC_OPTIONS='-v' '-o' 'CMakeFiles/cmTC_88e9b.dir/CMakeCCompilerABI.c.o' '-c' '-march=armv8-a' '-mlittle-endian' '-mabi=lp64']
  ignore line: [Linking C executable cmTC_88e9b]
  ignore line: [/usr/bin/cmake -E cmake_link_script CMakeFiles/cmTC_88e9b.dir/link.txt --verbose=1]
  ignore line: [/home/satuo/milkv/duo-buildroot-sdk-v2/host-tools/gcc/gcc-linaro-7.3.1-2018.05-x86_64_aarch64-linux-gnu/bin/aarch64-linux-gnu-gcc  -v CMakeFiles/cmTC_88e9b.dir/CMakeCCompilerABI.c.o -o cmTC_88e9b ]
  ignore line: [Using built-in specs.]
  ignore line: [COLLECT_GCC=/home/satuo/milkv/duo-buildroot-sdk-v2/host-tools/gcc/gcc-linaro-7.3.1-2018.05-x86_64_aarch64-linux-gnu/bin/aarch64-linux-gnu-gcc]
  ignore line: [COLLECT_LTO_WRAPPER=/home/satuo/milkv/duo-buildroot-sdk-v2/host-tools/gcc/gcc-linaro-7.3.1-2018.05-x86_64_aarch64-linux-gnu/bin/../libexec/gcc/aarch64-linux-gnu/7.3.1/lto-wrapper]
  ignore line: [Target: aarch64-linux-gnu]
  ignore line: [Configured with: '/home/tcwg-buildslave/workspace/tcwg-make-release/builder_arch/amd64/label/tcwg-x86_64-build/target/aarch64-linux-gnu/snapshots/gcc.git~linaro-7.3-2018.05/configure' SHELL=/bin/bash --with-mpc=/home/tcwg-buildslave/workspace/tcwg-make-release/builder_arch/amd64/label/tcwg-x86_64-build/target/aarch64-linux-gnu/_build/builds/destdir/x86_64-unknown-linux-gnu --with-mpfr=/home/tcwg-buildslave/workspace/tcwg-make-release/builder_arch/amd64/label/tcwg-x86_64-build/target/aarch64-linux-gnu/_build/builds/destdir/x86_64-unknown-linux-gnu --with-gmp=/home/tcwg-buildslave/workspace/tcwg-make-release/builder_arch/amd64/label/tcwg-x86_64-build/target/aarch64-linux-gnu/_build/builds/destdir/x86_64-unknown-linux-gnu --with-gnu-as --with-gnu-ld --disable-libmudflap --enable-lto --enable-shared --without-included-gettext --enable-nls --with-system-zlib --disable-sjlj-exceptions --enable-gnu-unique-object --enable-linker-build-id --disable-libstdcxx-pch --enable-c99 --enable-clocale=gnu --enable-libstdcxx-debug --enable-long-long --with-cloog=no --with-ppl=no --with-isl=no --disable-multilib --enable-fix-cortex-a53-835769 --enable-fix-cortex-a53-843419 --with-arch=armv8-a --enable-threads=posix --enable-multiarch --enable-libstdcxx-time=yes --enable-gnu-indirect-function --with-build-sysroot=/home/tcwg-buildslave/workspace/tcwg-make-release/builder_arch/amd64/label/tcwg-x86_64-build/target/aarch64-linux-gnu/_build/sysroots/aarch64-linux-gnu --with-sysroot=/home/tcwg-buildslave/workspace/tcwg-make-release/builder_arch/amd64/label/tcwg-x86_64-build/target/aarch64-linux-gnu/_build/builds/destdir/x86_64-unknown-linux-gnu/aarch64-linux-gnu/libc --enable-checking=release --disable-bootstrap --enable-languages=c,c++,fortran,lto --build=x86_64-unknown-linux-gnu --host=x86_64-unknown-linux-gnu --target=aarch64-linux-gnu --prefix=/home/tcwg-buildslave/workspace/tcwg-make-release/builder_arch/amd64/label/tcwg-x86_64-build/target/aarch64-linux-gnu/_build/builds/destdir/x86_64-unknown-linux-gnu]
  ignore line: [Thread model: posix]
  ignore line: [gcc version 7.3.1 20180425 [linaro-7.3-2018.05 revision d29120a424ecfbc167ef90065c0eeb7f91977701] (Linaro GCC 7.3-2018.05) ]
  ignore line: [COMPILER_PATH=/home/satuo/milkv/duo-buildroot-sdk-v2/host-tools/gcc/gcc-linaro-7.3.1-2018.05-x86_64_aarch64-linux-gnu/bin/../libexec/gcc/aarch64-linux-gnu/7.3.1/:/home/satuo/milkv/duo-buildroot-sdk-v2/host-tools/gcc/gcc-linaro-7.3.1-2018.05-x86_64_aarch64-linux-gnu/bin/../libexec/gcc/aarch64-linux-gnu/:/home/satuo/milkv/duo-buildroot-sdk-v2/host-tools/gcc/gcc-linaro-7.3.1-2018.05-x86_64_aarch64-linux-gnu/bin/../libexec/gcc/:/home/satuo/milkv/duo-buildroot-sdk-v2/host-tools/gcc/gcc-linaro-7.3.1-2018.05-x86_64_aarch64-linux-gnu/bin/../lib/gcc/aarch64-linux-gnu/7.3.1/../../../../aarch64-linux-gnu/bin/]
  ignore line: [LIBRARY_PATH=/home/satuo/milkv/duo-buildroot-sdk-v2/host-tools/gcc/gcc-linaro-7.3.1-2018.05-x86_64_aarch64-linux-gnu/bin/../lib/gcc/aarch64-linux-gnu/7.3.1/:/home/satuo/milkv/duo-buildroot-sdk-v2/host-tools/gcc/gcc-linaro-7.3.1-2018.05-x86_64_aarch64-linux-gnu/bin/../lib/gcc/aarch64-linux-gnu/:/home/satuo/milkv/duo-buildroot-sdk-v2/host-tools/gcc/gcc-linaro-7.3.1-2018.05-x86_64_aarch64-linux-gnu/bin/../lib/gcc/:/home/satuo/milkv/duo-buildroot-sdk-v2/host-tools/gcc/gcc-linaro-7.3.1-2018.05-x86_64_aarch64-linux-gnu/bin/../lib/gcc/aarch64-linux-gnu/7.3.1/../../../../aarch64-linux-gnu/lib/../lib64/:/home/satuo/milkv/duo-buildroot-sdk-v2/host-tools/gcc/gcc-linaro-7.3.1-2018.05-x86_64_aarch64-linux-gnu/bin/../lib/gcc/aarch64-linux-gnu/7.3.1/../../../../aarch64-linux-gnu/lib/:/home/satuo/milkv/duo-buildroot-sdk-v2/host-tools/gcc/gcc-linaro-7.3.1-2018.05-x86_64_aarch64-linux-gnu/bin/../aarch64-linux-gnu/libc/lib/:/home/satuo/milkv/duo-buildroot-sdk-v2/host-tools/gcc/gcc-linaro-7.3.1-2018.05-x86_64_aarch64-linux-gnu/bin/../aarch64-linux-gnu/libc/usr/lib/]
  ignore line: [COLLECT_GCC_OPTIONS='-v' '-o' 'cmTC_88e9b' '-march=armv8-a' '-mlittle-endian' '-mabi=lp64']
  link line: [ /home/satuo/milkv/duo-buildroot-sdk-v2/host-tools/gcc/gcc-linaro-7.3.1-2018.05-x86_64_aarch64-linux-gnu/bin/../libexec/gcc/aarch64-linux-gnu/7.3.1/collect2 -plugin /home/satuo/milkv/duo-buildroot-sdk-v2/host-tools/gcc/gcc-linaro-7.3.1-2018.05-x86_64_aarch64-linux-gnu/bin/../libexec/gcc/aarch64-linux-gnu/7.3.1/liblto_plugin.so -plugin-opt=/home/satuo/milkv/duo-buildroot-sdk-v2/host-tools/gcc/gcc-linaro-7.3.1-2018.05-x86_64_aarch64-linux-gnu/bin/../libexec/gcc/aarch64-linux-gnu/7.3.1/lto-wrapper -plugin-opt=-fresolution=/tmp/ccBpnmsx.res -plugin-opt=-pass-through=-lgcc -plugin-opt=-pass-through=-lgcc_s -plugin-opt=-pass-through=-lc -plugin-opt=-pass-through=-lgcc -plugin-opt=-pass-through=-lgcc_s --sysroot=/home/satuo/milkv/duo-buildroot-sdk-v2/host-tools/gcc/gcc-linaro-7.3.1-2018.05-x86_64_aarch64-linux-gnu/bin/../aarch64-linux-gnu/libc --build-id --eh-frame-hdr -dynamic-linker /lib/ld-linux-aarch64.so.1 -X -EL -maarch64linux --fix-cortex-a53-835769 --fix-cortex-a53-843419 -o cmTC_88e9b /home/satuo/milkv/duo-buildroot-sdk-v2/host-tools/gcc/gcc-linaro-7.3.1-2018.05-x86_64_aarch64-linux-gnu/bin/../aarch64-linux-gnu/libc/usr/lib/crt1.o /home/satuo/milkv/duo-buildroot-sdk-v2/host-tools/gcc/gcc-linaro-7.3.1-2018.05-x86_64_aarch64-linux-gnu/bin/../aarch64-linux-gnu/libc/usr/lib/crti.o /home/satuo/milkv/duo-buildroot-sdk-v2/host-tools/gcc/gcc-linaro-7.3.1-2018.05-x86_64_aarch64-linux-gnu/bin/../lib/gcc/aarch64-linux-gnu/7.3.1/crtbegin.o -L/home/satuo/milkv/duo-buildroot-sdk-v2/host-tools/gcc/gcc-linaro-7.3.1-2018.05-x86_64_aarch64-linux-gnu/bin/../lib/gcc/aarch64-linux-gnu/7.3.1 -L/home/satuo/milkv/duo-buildroot-sdk-v2/host-tools/gcc/gcc-linaro-7.3.1-2018.05-x86_64_aarch64-linux-gnu/bin/../lib/gcc/aarch64-linux-gnu -L/home/satuo/milkv/duo-buildroot-sdk-v2/host-tools/gcc/gcc-linaro-7.3.1-2018.05-x86_64_aarch64-linux-gnu/bin/../lib/gcc -L/home/satuo/milkv/duo-buildroot-sdk-v2/host-tools/gcc/gcc-linaro-7.3.1-2018.05-x86_64_aarch64-linux-gnu/bin/../lib/gcc/aarch64-linux-gnu/7.3.1/../../../../aarch64-linux-gnu/lib/../lib64 -L/home/satuo/milkv/duo-buildroot-sdk-v2/host-tools/gcc/gcc-linaro-7.3.1-2018.05-x86_64_aarch64-linux-gnu/bin/../lib/gcc/aarch64-linux-gnu/7.3.1/../../../../aarch64-linux-gnu/lib -L/home/satuo/milkv/duo-buildroot-sdk-v2/host-tools/gcc/gcc-linaro-7.3.1-2018.05-x86_64_aarch64-linux-gnu/bin/../aarch64-linux-gnu/libc/lib -L/home/satuo/milkv/duo-buildroot-sdk-v2/host-tools/gcc/gcc-linaro-7.3.1-2018.05-x86_64_aarch64-linux-gnu/bin/../aarch64-linux-gnu/libc/usr/lib CMakeFiles/cmTC_88e9b.dir/CMakeCCompilerABI.c.o -lgcc --as-needed -lgcc_s --no-as-needed -lc -lgcc --as-needed -lgcc_s --no-as-needed /home/satuo/milkv/duo-buildroot-sdk-v2/host-tools/gcc/gcc-linaro-7.3.1-2018.05-x86_64_aarch64-linux-gnu/bin/../lib/gcc/aarch64-linux-gnu/7.3.1/crtend.o /home/satuo/milkv/duo-buildroot-sdk-v2/host-tools/gcc/gcc-linaro-7.3.1-2018.05-x86_64_aarch64-linux-gnu/bin/../aarch64-linux-gnu/libc/usr/lib/crtn.o]
    arg [/home/satuo/milkv/duo-buildroot-sdk-v2/host-tools/gcc/gcc-linaro-7.3.1-2018.05-x86_64_aarch64-linux-gnu/bin/../libexec/gcc/aarch64-linux-gnu/7.3.1/collect2] ==> ignore
    arg [-plugin] ==> ignore
    arg [/home/satuo/milkv/duo-buildroot-sdk-v2/host-tools/gcc/gcc-linaro-7.3.1-2018.05-x86_64_aarch64-linux-gnu/bin/../libexec/gcc/aarch64-linux-gnu/7.3.1/liblto_plugin.so] ==> ignore
    arg [-plugin-opt=/home/satuo/milkv/duo-buildroot-sdk-v2/host-tools/gcc/gcc-linaro-7.3.1-2018.05-x86_64_aarch64-linux-gnu/bin/../libexec/gcc/aarch64-linux-gnu/7.3.1/lto-wrapper] ==> ignore
    arg [-plugin-opt=-fresolution=/tmp/ccBpnmsx.res] ==> ignore
    arg [-plugin-opt=-pass-through=-lgcc] ==> ignore
    arg [-plugin-opt=-pass-through=-lgcc_s] ==> ignore
    arg [-plugin-opt=-pass-through=-lc] ==> ignore
    arg [-plugin-opt=-pass-through=-lgcc] ==> ignore
    arg [-plugin-opt=-pass-through=-lgcc_s] ==> ignore
    arg [--sysroot=/home/satuo/milkv/duo-buildroot-sdk-v2/host-tools/gcc/gcc-linaro-7.3.1-2018.05-x86_64_aarch64-linux-gnu/bin/../aarch64-linux-gnu/libc] ==> ignore
    arg [--build-id] ==> ignore
    arg [--eh-frame-hdr] ==> ignore
    arg [-dynamic-linker] ==> ignore
    arg [/lib/ld-linux-aarch64.so.1] ==> ignore
    arg [-X] ==> ignore
    arg [-EL] ==> ignore
    arg [-maarch64linux] ==> ignore
    arg [--fix-cortex-a53-835769] ==> ignore
    arg [--fix-cortex-a53-843419] ==> ignore
    arg [-o] ==> ignore
    arg [cmTC_88e9b] ==> ignore
    arg [/home/satuo/milkv/duo-buildroot-sdk-v2/host-tools/gcc/gcc-linaro-7.3.1-2018.05-x86_64_aarch64-linux-gnu/bin/../aarch64-linux-gnu/libc/usr/lib/crt1.o] ==> obj [/home/satuo/milkv/duo-buildroot-sdk-v2/host-tools/gcc/gcc-linaro-7.3.1-2018.05-x86_64_aarch64-linux-gnu/bin/../aarch64-linux-gnu/libc/usr/lib/crt1.o]
    arg [/home/satuo/milkv/duo-buildroot-sdk-v2/host-tools/gcc/gcc-linaro-7.3.1-2018.05-x86_64_aarch64-linux-gnu/bin/../aarch64-linux-gnu/libc/usr/lib/crti.o] ==> obj [/home/satuo/milkv/duo-buildroot-sdk-v2/host-tools/gcc/gcc-linaro-7.3.1-2018.05-x86_64_aarch64-linux-gnu/bin/../aarch64-linux-gnu/libc/usr/lib/crti.o]
    arg [/home/satuo/milkv/duo-buildroot-sdk-v2/host-tools/gcc/gcc-linaro-7.3.1-2018.05-x86_64_aarch64-linux-gnu/bin/../lib/gcc/aarch64-linux-gnu/7.3.1/crtbegin.o] ==> obj [/home/satuo/milkv/duo-buildroot-sdk-v2/host-tools/gcc/gcc-linaro-7.3.1-2018.05-x86_64_aarch64-linux-gnu/bin/../lib/gcc/aarch64-linux-gnu/7.3.1/crtbegin.o]
    arg [-L/home/satuo/milkv/duo-buildroot-sdk-v2/host-tools/gcc/gcc-linaro-7.3.1-2018.05-x86_64_aarch64-linux-gnu/bin/../lib/gcc/aarch64-linux-gnu/7.3.1] ==> dir [/home/satuo/milkv/duo-buildroot-sdk-v2/host-tools/gcc/gcc-linaro-7.3.1-2018.05-x86_64_aarch64-linux-gnu/bin/../lib/gcc/aarch64-linux-gnu/7.3.1]
    arg [-L/home/satuo/milkv/duo-buildroot-sdk-v2/host-tools/gcc/gcc-linaro-7.3.1-2018.05-x86_64_aarch64-linux-gnu/bin/../lib/gcc/aarch64-linux-gnu] ==> dir [/home/satuo/milkv/duo-buildroot-sdk-v2/host-tools/gcc/gcc-linaro-7.3.1-2018.05-x86_64_aarch64-linux-gnu/bin/../lib/gcc/aarch64-linux-gnu]
    arg [-L/home/satuo/milkv/duo-buildroot-sdk-v2/host-tools/gcc/gcc-linaro-7.3.1-2018.05-x86_64_aarch64-linux-gnu/bin/../lib/gcc] ==> dir [/home/satuo/milkv/duo-buildroot-sdk-v2/host-tools/gcc/gcc-linaro-7.3.1-2018.05-x86_64_aarch64-linux-gnu/bin/../lib/gcc]
    arg [-L/home/satuo/milkv/duo-buildroot-sdk-v2/host-tools/gcc/gcc-linaro-7.3.1-2018.05-x86_64_aarch64-linux-gnu/bin/../lib/gcc/aarch64-linux-gnu/7.3.1/../../../../aarch64-linux-gnu/lib/../lib64] ==> dir [/home/satuo/milkv/duo-buildroot-sdk-v2/host-tools/gcc/gcc-linaro-7.3.1-2018.05-x86_64_aarch64-linux-gnu/bin/../lib/gcc/aarch64-linux-gnu/7.3.1/../../../../aarch64-linux-gnu/lib/../lib64]
    arg [-L/home/satuo/milkv/duo-buildroot-sdk-v2/host-tools/gcc/gcc-linaro-7.3.1-2018.05-x86_64_aarch64-linux-gnu/bin/../lib/gcc/aarch64-linux-gnu/7.3.1/../../../../aarch64-linux-gnu/lib] ==> dir [/home/satuo/milkv/duo-buildroot-sdk-v2/host-tools/gcc/gcc-linaro-7.3.1-2018.05-x86_64_aarch64-linux-gnu/bin/../lib/gcc/aarch64-linux-gnu/7.3.1/../../../../aarch64-linux-gnu/lib]
    arg [-L/home/satuo/milkv/duo-buildroot-sdk-v2/host-tools/gcc/gcc-linaro-7.3.1-2018.05-x86_64_aarch64-linux-gnu/bin/../aarch64-linux-gnu/libc/lib] ==> dir [/home/satuo/milkv/duo-buildroot-sdk-v2/host-tools/gcc/gcc-linaro-7.3.1-2018.05-x86_64_aarch64-linux-gnu/bin/../aarch64-linux-gnu/libc/lib]
    arg [-L/home/satuo/milkv/duo-buildroot-sdk-v2/host-tools/gcc/gcc-linaro-7.3.1-2018.05-x86_64_aarch64-linux-gnu/bin/../aarch64-linux-gnu/libc/usr/lib] ==> dir [/home/satuo/milkv/duo-buildroot-sdk-v2/host-tools/gcc/gcc-linaro-7.3.1-2018.05-x86_64_aarch64-linux-gnu/bin/../aarch64-linux-gnu/libc/usr/lib]
    arg [CMakeFiles/cmTC_88e9b.dir/CMakeCCompilerABI.c.o] ==> ignore
    arg [-lgcc] ==> lib [gcc]
    arg [--as-needed] ==> ignore
    arg [-lgcc_s] ==> lib [gcc_s]
    arg [--no-as-needed] ==> ignore
    arg [-lc] ==> lib [c]
    arg [-lgcc] ==> lib [gcc]
    arg [--as-needed] ==> ignore
    arg [-lgcc_s] ==> lib [gcc_s]
    arg [--no-as-needed] ==> ignore
    arg [/home/satuo/milkv/duo-buildroot-sdk-v2/host-tools/gcc/gcc-linaro-7.3.1-2018.05-x86_64_aarch64-linux-gnu/bin/../lib/gcc/aarch64-linux-gnu/7.3.1/crtend.o] ==> obj [/home/satuo/milkv/duo-buildroot-sdk-v2/host-tools/gcc/gcc-linaro-7.3.1-2018.05-x86_64_aarch64-linux-gnu/bin/../lib/gcc/aarch64-linux-gnu/7.3.1/crtend.o]
    arg [/home/satuo/milkv/duo-buildroot-sdk-v2/host-tools/gcc/gcc-linaro-7.3.1-2018.05-x86_64_aarch64-linux-gnu/bin/../aarch64-linux-gnu/libc/usr/lib/crtn.o] ==> obj [/home/satuo/milkv/duo-buildroot-sdk-v2/host-tools/gcc/gcc-linaro-7.3.1-2018.05-x86_64_aarch64-linux-gnu/bin/../aarch64-linux-gnu/libc/usr/lib/crtn.o]
  collapse obj [/home/satuo/milkv/duo-buildroot-sdk-v2/host-tools/gcc/gcc-linaro-7.3.1-2018.05-x86_64_aarch64-linux-gnu/bin/../aarch64-linux-gnu/libc/usr/lib/crt1.o] ==> [/home/satuo/milkv/duo-buildroot-sdk-v2/host-tools/gcc/gcc-linaro-7.3.1-2018.05-x86_64_aarch64-linux-gnu/aarch64-linux-gnu/libc/usr/lib/crt1.o]
  collapse obj [/home/satuo/milkv/duo-buildroot-sdk-v2/host-tools/gcc/gcc-linaro-7.3.1-2018.05-x86_64_aarch64-linux-gnu/bin/../aarch64-linux-gnu/libc/usr/lib/crti.o] ==> [/home/satuo/milkv/duo-buildroot-sdk-v2/host-tools/gcc/gcc-linaro-7.3.1-2018.05-x86_64_aarch64-linux-gnu/aarch64-linux-gnu/libc/usr/lib/crti.o]
  collapse obj [/home/satuo/milkv/duo-buildroot-sdk-v2/host-tools/gcc/gcc-linaro-7.3.1-2018.05-x86_64_aarch64-linux-gnu/bin/../lib/gcc/aarch64-linux-gnu/7.3.1/crtbegin.o] ==> [/home/satuo/milkv/duo-buildroot-sdk-v2/host-tools/gcc/gcc-linaro-7.3.1-2018.05-x86_64_aarch64-linux-gnu/lib/gcc/aarch64-linux-gnu/7.3.1/crtbegin.o]
  collapse obj [/home/satuo/milkv/duo-buildroot-sdk-v2/host-tools/gcc/gcc-linaro-7.3.1-2018.05-x86_64_aarch64-linux-gnu/bin/../lib/gcc/aarch64-linux-gnu/7.3.1/crtend.o] ==> [/home/satuo/milkv/duo-buildroot-sdk-v2/host-tools/gcc/gcc-linaro-7.3.1-2018.05-x86_64_aarch64-linux-gnu/lib/gcc/aarch64-linux-gnu/7.3.1/crtend.o]
  collapse obj [/home/satuo/milkv/duo-buildroot-sdk-v2/host-tools/gcc/gcc-linaro-7.3.1-2018.05-x86_64_aarch64-linux-gnu/bin/../aarch64-linux-gnu/libc/usr/lib/crtn.o] ==> [/home/satuo/milkv/duo-buildroot-sdk-v2/host-tools/gcc/gcc-linaro-7.3.1-2018.05-x86_64_aarch64-linux-gnu/aarch64-linux-gnu/libc/usr/lib/crtn.o]
  collapse library dir [/home/satuo/milkv/duo-buildroot-sdk-v2/host-tools/gcc/gcc-linaro-7.3.1-2018.05-x86_64_aarch64-linux-gnu/bin/../lib/gcc/aarch64-linux-gnu/7.3.1] ==> [/home/satuo/milkv/duo-buildroot-sdk-v2/host-tools/gcc/gcc-linaro-7.3.1-2018.05-x86_64_aarch64-linux-gnu/lib/gcc/aarch64-linux-gnu/7.3.1]
  collapse library dir [/home/satuo/milkv/duo-buildroot-sdk-v2/host-tools/gcc/gcc-linaro-7.3.1-2018.05-x86_64_aarch64-linux-gnu/bin/../lib/gcc/aarch64-linux-gnu] ==> [/home/satuo/milkv/duo-buildroot-sdk-v2/host-tools/gcc/gcc-linaro-7.3.1-2018.05-x86_64_aarch64-linux-gnu/lib/gcc/aarch64-linux-gnu]
  collapse library dir [/home/satuo/milkv/duo-buildroot-sdk-v2/host-tools/gcc/gcc-linaro-7.3.1-2018.05-x86_64_aarch64-linux-gnu/bin/../lib/gcc] ==> [/home/satuo/milkv/duo-buildroot-sdk-v2/host-tools/gcc/gcc-linaro-7.3.1-2018.05-x86_64_aarch64-linux-gnu/lib/gcc]
  collapse library dir [/home/satuo/milkv/duo-buildroot-sdk-v2/host-tools/gcc/gcc-linaro-7.3.1-2018.05-x86_64_aarch64-linux-gnu/bin/../lib/gcc/aarch64-linux-gnu/7.3.1/../../../../aarch64-linux-gnu/lib/../lib64] ==> [/home/satuo/milkv/duo-buildroot-sdk-v2/host-tools/gcc/gcc-linaro-7.3.1-2018.05-x86_64_aarch64-linux-gnu/aarch64-linux-gnu/lib64]
  collapse library dir [/home/satuo/milkv/duo-buildroot-sdk-v2/host-tools/gcc/gcc-linaro-7.3.1-2018.05-x86_64_aarch64-linux-gnu/bin/../lib/gcc/aarch64-linux-gnu/7.3.1/../../../../aarch64-linux-gnu/lib] ==> [/home/satuo/milkv/duo-buildroot-sdk-v2/host-tools/gcc/gcc-linaro-7.3.1-2018.05-x86_64_aarch64-linux-gnu/aarch64-linux-gnu/lib]
  collapse library dir [/home/satuo/milkv/duo-buildroot-sdk-v2/host-tools/gcc/gcc-linaro-7.3.1-2018.05-x86_64_aarch64-linux-gnu/bin/../aarch64-linux-gnu/libc/lib] ==> [/home/satuo/milkv/duo-buildroot-sdk-v2/host-tools/gcc/gcc-linaro-7.3.1-2018.05-x86_64_aarch64-linux-gnu/aarch64-linux-gnu/libc/lib]
  collapse library dir [/home/satuo/milkv/duo-buildroot-sdk-v2/host-tools/gcc/gcc-linaro-7.3.1-2018.05-x86_64_aarch64-linux-gnu/bin/../aarch64-linux-gnu/libc/usr/lib] ==> [/home/satuo/milkv/duo-buildroot-sdk-v2/host-tools/gcc/gcc-linaro-7.3.1-2018.05-x86_64_aarch64-linux-gnu/aarch64-linux-gnu/libc/usr/lib]
  implicit libs: [gcc;gcc_s;c;gcc;gcc_s]
  implicit objs: [/home/satuo/milkv/duo-buildroot-sdk-v2/host-tools/gcc/gcc-linaro-7.3.1-2018.05-x86_64_aarch64-linux-gnu/aarch64-linux-gnu/libc/usr/lib/crt1.o;/home/satuo/milkv/duo-buildroot-sdk-v2/host-tools/gcc/gcc-linaro-7.3.1-2018.05-x86_64_aarch64-linux-gnu/aarch64-linux-gnu/libc/usr/lib/crti.o;/home/satuo/milkv/duo-buildroot-sdk-v2/host-tools/gcc/gcc-linaro-7.3.1-2018.05-x86_64_aarch64-linux-gnu/lib/gcc/aarch64-linux-gnu/7.3.1/crtbegin.o;/home/satuo/milkv/duo-buildroot-sdk-v2/host-tools/gcc/gcc-linaro-7.3.1-2018.05-x86_64_aarch64-linux-gnu/lib/gcc/aarch64-linux-gnu/7.3.1/crtend.o;/home/satuo/milkv/duo-buildroot-sdk-v2/host-tools/gcc/gcc-linaro-7.3.1-2018.05-x86_64_aarch64-linux-gnu/aarch64-linux-gnu/libc/usr/lib/crtn.o]
  implicit dirs: [/home/satuo/milkv/duo-buildroot-sdk-v2/host-tools/gcc/gcc-linaro-7.3.1-2018.05-x86_64_aarch64-linux-gnu/lib/gcc/aarch64-linux-gnu/7.3.1;/home/satuo/milkv/duo-buildroot-sdk-v2/host-tools/gcc/gcc-linaro-7.3.1-2018.05-x86_64_aarch64-linux-gnu/lib/gcc/aarch64-linux-gnu;/home/satuo/milkv/duo-buildroot-sdk-v2/host-tools/gcc/gcc-linaro-7.3.1-2018.05-x86_64_aarch64-linux-gnu/lib/gcc;/home/satuo/milkv/duo-buildroot-sdk-v2/host-tools/gcc/gcc-linaro-7.3.1-2018.05-x86_64_aarch64-linux-gnu/aarch64-linux-gnu/lib64;/home/satuo/milkv/duo-buildroot-sdk-v2/host-tools/gcc/gcc-linaro-7.3.1-2018.05-x86_64_aarch64-linux-gnu/aarch64-linux-gnu/lib;/home/satuo/milkv/duo-buildroot-sdk-v2/host-tools/gcc/gcc-linaro-7.3.1-2018.05-x86_64_aarch64-linux-gnu/aarch64-linux-gnu/libc/lib;/home/satuo/milkv/duo-buildroot-sdk-v2/host-tools/gcc/gcc-linaro-7.3.1-2018.05-x86_64_aarch64-linux-gnu/aarch64-linux-gnu/libc/usr/lib]
  implicit fwks: []


